"../../../Engine/Plugins/2D/Paper2D/Content/PlaceholderTextures/DummySpriteTexture.ubulk" 0
"../../../Engine/Plugins/2D/Paper2D/Content/PlaceholderTextures/DummySpriteTexture.uasset" 1
"../../../Engine/Plugins/2D/Paper2D/Content/PlaceholderTextures/DummySpriteTexture.uexp" 2
"../../../Engine/Plugins/2D/Paper2D/Content/DummySprite.uasset" 3
"../../../Engine/Plugins/2D/Paper2D/Content/DummySprite.uexp" 4
"../../../Engine/Plugins/2D/Paper2D/Content/DefaultPaperTerrainMaterial.uasset" 5
"../../../Engine/Plugins/2D/Paper2D/Content/DefaultPaperTerrainMaterial.uexp" 6
"../../../Engine/Plugins/Animation/ACLPlugin/Content/ACLAnimBoneCompressionSettings.uasset" 7
"../../../Engine/Plugins/Animation/ACLPlugin/Content/ACLAnimBoneCompressionSettings.uexp" 8
"../../../Engine/Plugins/Animation/ACLPlugin/Content/ACLAnimCurveCompressionSettings.uasset" 9
"../../../Engine/Plugins/Animation/ACLPlugin/Content/ACLAnimCurveCompressionSettings.uexp" 10
"../../../Engine/Content/Animation/DefaultRecorderBoneCompression.uasset" 11
"../../../Engine/Content/Animation/DefaultRecorderBoneCompression.uexp" 12
"../../../Engine/Content/Animation/DefaultVariableFrameStrippingSettings.uasset" 13
"../../../Engine/Content/Animation/DefaultVariableFrameStrippingSettings.uexp" 14
"../../../Engine/Content/EngineFonts/Faces/DroidSansFallback.uexp" 15
"../../../Engine/Content/EngineFonts/Faces/DroidSansFallback.uasset" 16
"../../../Engine/Content/EngineFonts/Faces/DroidSansFallback.ufont" 17
"../../../Engine/Content/EngineFonts/Faces/RobotoBold.uexp" 18
"../../../Engine/Content/EngineFonts/Faces/RobotoBold.uasset" 19
"../../../Engine/Content/EngineFonts/Faces/RobotoBold.ufont" 20
"../../../Engine/Content/EngineFonts/Faces/RobotoBoldItalic.uexp" 21
"../../../Engine/Content/EngineFonts/Faces/RobotoBoldItalic.uasset" 22
"../../../Engine/Content/EngineFonts/Faces/RobotoBoldItalic.ufont" 23
"../../../Engine/Content/EngineFonts/Faces/RobotoItalic.uexp" 24
"../../../Engine/Content/EngineFonts/Faces/RobotoItalic.uasset" 25
"../../../Engine/Content/EngineFonts/Faces/RobotoItalic.ufont" 26
"../../../Engine/Content/EngineFonts/Faces/RobotoLight.uexp" 27
"../../../Engine/Content/EngineFonts/Faces/RobotoLight.uasset" 28
"../../../Engine/Content/EngineFonts/Faces/RobotoLight.ufont" 29
"../../../Engine/Content/EngineFonts/Faces/RobotoRegular.uexp" 30
"../../../Engine/Content/EngineFonts/Faces/RobotoRegular.uasset" 31
"../../../Engine/Content/EngineFonts/Faces/RobotoRegular.ufont" 32
"../../../Engine/Content/EngineFonts/Roboto.uasset" 33
"../../../Engine/Content/EngineFonts/Roboto.uexp" 34
"../../../Engine/Content/EngineMaterials/DefaultDestructiblePhysicalMaterial.uasset" 35
"../../../Engine/Content/EngineMaterials/DefaultDestructiblePhysicalMaterial.uexp" 36
"../../../Engine/Content/EngineMaterials/DefaultPhysicalMaterial.uasset" 37
"../../../Engine/Content/EngineMaterials/DefaultPhysicalMaterial.uexp" 38
"../../../Engine/Content/EngineSounds/Master.uasset" 39
"../../../Engine/Content/EngineSounds/Master.uexp" 40
"../../../Engine/Plugins/Animation/ControlRig/Content/Controls/DefaultGizmoLibraryNormalized.uasset" 41
"../../../Engine/Plugins/Animation/ControlRig/Content/Controls/DefaultGizmoLibraryNormalized.uexp" 42
"../../../Engine/Content/EngineMaterials/DefaultDiffuse.ubulk" 43
"../../../Engine/Content/EngineMaterials/DefaultDiffuse.uasset" 44
"../../../Engine/Content/EngineMaterials/DefaultDiffuse.uexp" 45
"../../../Engine/Content/EngineMaterials/DefaultDeferredDecalMaterial.uasset" 46
"../../../Engine/Content/EngineMaterials/DefaultDeferredDecalMaterial.uexp" 47
"../../../Engine/Content/Functions/Engine_MaterialFunctions01/Opacity/CameraDepthFade.uasset" 48
"../../../Engine/Content/Functions/Engine_MaterialFunctions01/Opacity/CameraDepthFade.uexp" 49
"../../../Engine/Content/EngineMaterials/T_Default_Material_Grid_M.ubulk" 50
"../../../Engine/Content/EngineMaterials/T_Default_Material_Grid_M.uasset" 51
"../../../Engine/Content/EngineMaterials/T_Default_Material_Grid_M.uexp" 52
"../../../Engine/Content/EngineMaterials/T_Default_Material_Grid_N.ubulk" 53
"../../../Engine/Content/EngineMaterials/T_Default_Material_Grid_N.uasset" 54
"../../../Engine/Content/EngineMaterials/T_Default_Material_Grid_N.uexp" 55
"../../../Engine/Content/EngineMaterials/WorldGridMaterial.uasset" 56
"../../../Engine/Content/EngineMaterials/WorldGridMaterial.uexp" 57
"../../../Engine/Plugins/Animation/ControlRig/Content/Controls/ControlRig_Diamond_solid.uasset" 58
"../../../Engine/Plugins/Animation/ControlRig/Content/Controls/ControlRig_Diamond_solid.uexp" 59
"../../../Engine/Content/EditorLandscapeResources/WhiteSquareTexture.uasset" 60
"../../../Engine/Content/EditorLandscapeResources/WhiteSquareTexture.uexp" 61
"../../../Engine/Content/EditorLandscapeResources/LayerVisMaterial.uasset" 62
"../../../Engine/Content/EditorLandscapeResources/LayerVisMaterial.uexp" 63
"../../../Engine/Plugins/Interchange/Runtime/Content/Pipelines/DefaultAssetsPipeline.uasset" 64
"../../../Engine/Plugins/Interchange/Runtime/Content/Pipelines/DefaultAssetsPipeline.uexp" 65
"../../../Engine/Plugins/Interchange/Runtime/Content/Pipelines/DefaultAudioPipeline.uasset" 66
"../../../Engine/Plugins/Interchange/Runtime/Content/Pipelines/DefaultAudioPipeline.uexp" 67
"../../../Engine/Plugins/Interchange/Runtime/Content/Pipelines/DefaultGLTFAssetsPipeline.uasset" 68
"../../../Engine/Plugins/Interchange/Runtime/Content/Pipelines/DefaultGLTFAssetsPipeline.uexp" 69
"../../../Engine/Plugins/Interchange/Runtime/Content/Pipelines/DefaultGLTFPipeline.uasset" 70
"../../../Engine/Plugins/Interchange/Runtime/Content/Pipelines/DefaultGLTFPipeline.uexp" 71
"../../../Engine/Plugins/Interchange/Runtime/Content/Pipelines/DefaultGLTFSceneAssetsPipeline.uasset" 72
"../../../Engine/Plugins/Interchange/Runtime/Content/Pipelines/DefaultGLTFSceneAssetsPipeline.uexp" 73
"../../../Engine/Plugins/Interchange/Runtime/Content/Pipelines/DefaultMaterialPipeline.uasset" 74
"../../../Engine/Plugins/Interchange/Runtime/Content/Pipelines/DefaultMaterialPipeline.uexp" 75
"../../../Engine/Plugins/Interchange/Runtime/Content/Pipelines/DefaultMaterialXPipeline.uasset" 76
"../../../Engine/Plugins/Interchange/Runtime/Content/Pipelines/DefaultMaterialXPipeline.uexp" 77
"../../../Engine/Plugins/Interchange/Runtime/Content/Pipelines/DefaultSceneAssetsPipeline.uasset" 78
"../../../Engine/Plugins/Interchange/Runtime/Content/Pipelines/DefaultSceneAssetsPipeline.uexp" 79
"../../../Engine/Plugins/Interchange/Runtime/Content/Pipelines/DefaultSceneLevelPipeline.uasset" 80
"../../../Engine/Plugins/Interchange/Runtime/Content/Pipelines/DefaultSceneLevelPipeline.uexp" 81
"../../../Engine/Plugins/Interchange/Runtime/Content/Pipelines/DefaultTexturePipeline.uasset" 82
"../../../Engine/Plugins/Interchange/Runtime/Content/Pipelines/DefaultTexturePipeline.uexp" 83
"../../../Engine/Plugins/Animation/ControlRig/Content/Controls/ControlRig_HalfCircle_1mm.uasset" 84
"../../../Engine/Plugins/Animation/ControlRig/Content/Controls/ControlRig_HalfCircle_1mm.uexp" 85
"../../../Engine/Content/EngineResources/LandscapeVisibilityLayerInfo.uasset" 86
"../../../Engine/Content/EngineResources/LandscapeVisibilityLayerInfo.uexp" 87
"../../../Engine/Content/Functions/Engine_MaterialFunctions02/Utility/MakeFloat3.uasset" 88
"../../../Engine/Content/Functions/Engine_MaterialFunctions02/Utility/MakeFloat3.uexp" 89
"../../../Engine/Content/EditorLandscapeResources/DefaultAlphaTexture.uasset" 90
"../../../Engine/Content/EditorLandscapeResources/DefaultAlphaTexture.uexp" 91
"../../../Engine/Content/Functions/Engine_MaterialFunctions03/Math/WithinRangeFloat2.uasset" 92
"../../../Engine/Content/Functions/Engine_MaterialFunctions03/Math/WithinRangeFloat2.uexp" 93
"../../../Engine/Content/EditorLandscapeResources/MaskBrushMaterial.uasset" 94
"../../../Engine/Content/EditorLandscapeResources/MaskBrushMaterial.uexp" 95
"../../../Engine/Content/EditorLandscapeResources/MaskBrushMaterial_MaskedRegion.uasset" 96
"../../../Engine/Content/EditorLandscapeResources/MaskBrushMaterial_MaskedRegion.uexp" 97
"../../../Engine/Plugins/Animation/ControlRig/Content/Controls/ControlRig_HalfCircle_3mm.uasset" 98
"../../../Engine/Plugins/Animation/ControlRig/Content/Controls/ControlRig_HalfCircle_3mm.uexp" 99
"../../../Engine/Plugins/Animation/ControlRig/Content/Controls/ControlRig_HalfCircle_solid.uasset" 100
"../../../Engine/Plugins/Animation/ControlRig/Content/Controls/ControlRig_HalfCircle_solid.uexp" 101
"../../../Engine/Content/EngineMaterials/DefaultLightFunctionMaterial.uasset" 102
"../../../Engine/Content/EngineMaterials/DefaultLightFunctionMaterial.uexp" 103
"../../../Engine/Content/MobileResources/HUD/VirtualJoystick_Background.uasset" 104
"../../../Engine/Content/MobileResources/HUD/VirtualJoystick_Background.uexp" 105
"../../../Engine/Content/MobileResources/HUD/VirtualJoystick_Thumb.uasset" 106
"../../../Engine/Content/MobileResources/HUD/VirtualJoystick_Thumb.uexp" 107
"../../../Engine/Content/MobileResources/HUD/DefaultVirtualJoysticks.uasset" 108
"../../../Engine/Content/MobileResources/HUD/DefaultVirtualJoysticks.uexp" 109
"../../../Engine/Plugins/Animation/ControlRig/Content/Controls/ControlRig_Hexagon_1mm.uasset" 110
"../../../Engine/Plugins/Animation/ControlRig/Content/Controls/ControlRig_Hexagon_1mm.uexp" 111
"../../../Engine/Plugins/Animation/ControlRig/Content/Controls/ControlRig_Hexagon_3mm.uasset" 112
"../../../Engine/Plugins/Animation/ControlRig/Content/Controls/ControlRig_Hexagon_3mm.uexp" 113
"../../../Engine/Plugins/Animation/ControlRig/Content/Controls/ControlRig_Hexagon_solid.uasset" 114
"../../../Engine/Plugins/Animation/ControlRig/Content/Controls/ControlRig_Hexagon_solid.uexp" 115
"../../../Engine/Content/EditorLandscapeResources/SelectBrushMaterial.uasset" 116
"../../../Engine/Content/EditorLandscapeResources/SelectBrushMaterial.uexp" 117
"../../../Engine/Content/EditorLandscapeResources/SelectBrushMaterial_Selected.uasset" 118
"../../../Engine/Content/EditorLandscapeResources/SelectBrushMaterial_Selected.uexp" 119
"../../../Engine/Content/EditorLandscapeResources/SelectBrushMaterial_SelectedRegion.uasset" 120
"../../../Engine/Content/EditorLandscapeResources/SelectBrushMaterial_SelectedRegion.uexp" 121
"../../../Engine/Content/Functions/Engine_MaterialFunctions02/Utility/BreakOutFloat2Components.uasset" 122
"../../../Engine/Content/Functions/Engine_MaterialFunctions02/Utility/BreakOutFloat2Components.uexp" 123
"../../../Engine/Content/EngineMaterials/DefaultPostProcessMaterial.uasset" 124
"../../../Engine/Content/EngineMaterials/DefaultPostProcessMaterial.uexp" 125
"../../../Engine/Content/EngineFonts/RobotoDistanceField.uasset" 126
"../../../Engine/Content/EngineFonts/RobotoDistanceField.uexp" 127
"../../../Engine/Content/EngineMaterials/DefaultTextMaterialOpaque.uasset" 128
"../../../Engine/Content/EngineMaterials/DefaultTextMaterialOpaque.uexp" 129
"../../../Engine/Content/EditorLandscapeResources/SplineEditorMeshMat.uasset" 130
"../../../Engine/Content/EditorLandscapeResources/SplineEditorMeshMat.uexp" 131
"../../../Engine/Content/EditorLandscapeResources/SplineEditorMesh.uasset" 132
"../../../Engine/Content/EditorLandscapeResources/SplineEditorMesh.uexp" 133
"../../../Engine/Plugins/Animation/ControlRig/Content/Controls/ControlRig_Octagon_1mm.uasset" 134
"../../../Engine/Plugins/Animation/ControlRig/Content/Controls/ControlRig_Octagon_1mm.uexp" 135
"../../../Engine/Content/EngineMaterials/DefaultWhiteGrid.ubulk" 136
"../../../Engine/Content/EngineMaterials/DefaultWhiteGrid.uasset" 137
"../../../Engine/Content/EngineMaterials/DefaultWhiteGrid.uexp" 138
"../../../Engine/Plugins/Animation/ControlRig/Content/Controls/ControlRig_Octagon_3mm.uasset" 139
"../../../Engine/Plugins/Animation/ControlRig/Content/Controls/ControlRig_Octagon_3mm.uexp" 140
"../../../Engine/Plugins/Animation/ControlRig/Content/Controls/ControlRig_Octagon_solid.uasset" 141
"../../../Engine/Plugins/Animation/ControlRig/Content/Controls/ControlRig_Octagon_solid.uexp" 142
"../../../Engine/Content/EngineMaterials/DefaultWhiteGrid_Low.uasset" 143
"../../../Engine/Content/EngineMaterials/DefaultWhiteGrid_Low.uexp" 144
"../../../Engine/Content/EngineMaterials/EmissiveMeshMaterial.uasset" 145
"../../../Engine/Content/EngineMaterials/EmissiveMeshMaterial.uexp" 146
"../../../Engine/Plugins/Animation/ControlRig/Content/Controls/ControlRig_Pyramid_1mm.uasset" 147
"../../../Engine/Plugins/Animation/ControlRig/Content/Controls/ControlRig_Pyramid_1mm.uexp" 148
"../../../Engine/Plugins/Animation/ControlRig/Content/Controls/ControlRig_Pyramid_3mm.uasset" 149
"../../../Engine/Plugins/Animation/ControlRig/Content/Controls/ControlRig_Pyramid_3mm.uexp" 150
"../../../Engine/Content/EngineMaterials/FastBlueNoise_scalar_128x128x64.uasset" 151
"../../../Engine/Content/EngineMaterials/FastBlueNoise_scalar_128x128x64.uexp" 152
"../../../Engine/Plugins/Animation/ControlRig/Content/Controls/ControlRig_Pyramid_solid.uasset" 153
"../../../Engine/Plugins/Animation/ControlRig/Content/Controls/ControlRig_Pyramid_solid.uexp" 154
"../../../Engine/Content/EngineMaterials/FastBlueNoise_scalar_128x128x8.uasset" 155
"../../../Engine/Content/EngineMaterials/FastBlueNoise_scalar_128x128x8.uexp" 156
"../../../Engine/Content/EditorResources/S_Solver.ubulk" 157
"../../../Engine/Content/EditorResources/S_Solver.uasset" 158
"../../../Engine/Content/EditorResources/S_Solver.uexp" 159
"../../../Engine/Plugins/Animation/DeformerGraph/Content/DeformerFunctions/DG_Function_LinearBlendSkin_Morph_Cloth.uasset" 160
"../../../Engine/Plugins/Animation/DeformerGraph/Content/DeformerFunctions/DG_Function_LinearBlendSkin_Morph_Cloth.uexp" 161
"../../../Engine/Plugins/Animation/DeformerGraph/Content/Deformers/DG_LinearBlendSkin_Morph_Cloth.uasset" 162
"../../../Engine/Plugins/Animation/DeformerGraph/Content/Deformers/DG_LinearBlendSkin_Morph_Cloth.uexp" 163
"../../../Engine/Plugins/Animation/ControlRig/Content/Controls/ControlRig_QuarterCircle_1mm.uasset" 164
"../../../Engine/Plugins/Animation/ControlRig/Content/Controls/ControlRig_QuarterCircle_1mm.uexp" 165
"../../../Engine/Content/EngineMaterials/FastBlueNoise_vec2_128x128x64.uasset" 166
"../../../Engine/Content/EngineMaterials/FastBlueNoise_vec2_128x128x64.uexp" 167
"../../../Engine/Plugins/Animation/DeformerGraph/Content/DeformerFunctions/DG_Function_ComputeNormalsTangents.uasset" 168
"../../../Engine/Plugins/Animation/DeformerGraph/Content/DeformerFunctions/DG_Function_ComputeNormalsTangents.uexp" 169
"../../../Engine/Plugins/Animation/DeformerGraph/Content/DeformerFunctions/DG_Function_LinearBlendSkin_Morph_Cloth_PositionOnly.uasset" 170
"../../../Engine/Plugins/Animation/DeformerGraph/Content/DeformerFunctions/DG_Function_LinearBlendSkin_Morph_Cloth_PositionOnly.uexp" 171
"../../../Engine/Plugins/Animation/DeformerGraph/Content/Deformers/DG_LinearBlendSkin_Morph_Cloth_RecomputeNormals.uasset" 172
"../../../Engine/Plugins/Animation/DeformerGraph/Content/Deformers/DG_LinearBlendSkin_Morph_Cloth_RecomputeNormals.uexp" 173
"../../../Engine/Plugins/Animation/ControlRig/Content/Controls/ControlRig_QuarterCircle_3mm.uasset" 174
"../../../Engine/Plugins/Animation/ControlRig/Content/Controls/ControlRig_QuarterCircle_3mm.uexp" 175
"../../../Engine/Content/EditorResources/S_Terrain.ubulk" 176
"../../../Engine/Content/EditorResources/S_Terrain.uasset" 177
"../../../Engine/Content/EditorResources/S_Terrain.uexp" 178
"../../../Engine/Content/EngineMaterials/BaseFlattenDiffuseMap.uasset" 179
"../../../Engine/Content/EngineMaterials/BaseFlattenDiffuseMap.uexp" 180
"../../../Engine/Content/EngineMaterials/BaseFlattenEmissiveMap.uasset" 181
"../../../Engine/Content/EngineMaterials/BaseFlattenEmissiveMap.uexp" 182
"../../../Engine/Content/EngineMaterials/BaseFlattenGrayscaleMap.uasset" 183
"../../../Engine/Content/EngineMaterials/BaseFlattenGrayscaleMap.uexp" 184
"../../../Engine/Content/EngineMaterials/BaseFlattenLinearColor.uasset" 185
"../../../Engine/Content/EngineMaterials/BaseFlattenLinearColor.uexp" 186
"../../../Engine/Content/EngineMaterials/BaseFlattenNormalMap.uasset" 187
"../../../Engine/Content/EngineMaterials/BaseFlattenNormalMap.uexp" 188
"../../../Engine/Content/Functions/Engine_MaterialFunctions02/PivotPainter2/Black_1x1_EXR_Texture.uasset" 189
"../../../Engine/Content/Functions/Engine_MaterialFunctions02/PivotPainter2/Black_1x1_EXR_Texture.uexp" 190
"../../../Engine/Content/EngineMaterials/FlattenMaterial.uasset" 191
"../../../Engine/Content/EngineMaterials/FlattenMaterial.uexp" 192
"../../../Engine/Plugins/Animation/ControlRig/Content/Controls/ControlRig_QuarterCircle_solid.uasset" 193
"../../../Engine/Plugins/Animation/ControlRig/Content/Controls/ControlRig_QuarterCircle_solid.uexp" 194
"../../../Engine/Content/EngineMaterials/BaseFlattenDiffuseMap_VT.ubulk" 195
"../../../Engine/Content/EngineMaterials/BaseFlattenDiffuseMap_VT.uasset" 196
"../../../Engine/Content/EngineMaterials/BaseFlattenDiffuseMap_VT.uexp" 197
"../../../Engine/Content/EngineMaterials/BaseFlattenEmissiveMap_VT.ubulk" 198
"../../../Engine/Content/EngineMaterials/BaseFlattenEmissiveMap_VT.uasset" 199
"../../../Engine/Content/EngineMaterials/BaseFlattenEmissiveMap_VT.uexp" 200
"../../../Engine/Content/EngineMaterials/BaseFlattenGrayscaleMap_VT.ubulk" 201
"../../../Engine/Content/EngineMaterials/BaseFlattenGrayscaleMap_VT.uasset" 202
"../../../Engine/Content/EngineMaterials/BaseFlattenGrayscaleMap_VT.uexp" 203
"../../../Engine/Content/EngineMaterials/BaseFlattenLinearColor_VT.ubulk" 204
"../../../Engine/Content/EngineMaterials/BaseFlattenLinearColor_VT.uasset" 205
"../../../Engine/Content/EngineMaterials/BaseFlattenLinearColor_VT.uexp" 206
"../../../Engine/Content/EngineMaterials/BaseFlattenNormalMap_VT.ubulk" 207
"../../../Engine/Content/EngineMaterials/BaseFlattenNormalMap_VT.uasset" 208
"../../../Engine/Content/EngineMaterials/BaseFlattenNormalMap_VT.uexp" 209
"../../../Engine/Content/EngineMaterials/Black_1x1_EXR_Texture_VT.ubulk" 210
"../../../Engine/Content/EngineMaterials/Black_1x1_EXR_Texture_VT.uasset" 211
"../../../Engine/Content/EngineMaterials/Black_1x1_EXR_Texture_VT.uexp" 212
"../../../Engine/Content/EngineMaterials/FlattenMaterial_VT.uasset" 213
"../../../Engine/Content/EngineMaterials/FlattenMaterial_VT.uexp" 214
"../../../Engine/Content/EngineMaterials/FlattenMaterial_WS_Normal_VT.uasset" 215
"../../../Engine/Content/EngineMaterials/FlattenMaterial_WS_Normal_VT.uexp" 216
"../../../Engine/Plugins/Animation/ControlRig/Content/Controls/ControlRig_RoundedSquare_1mm.uasset" 217
"../../../Engine/Plugins/Animation/ControlRig/Content/Controls/ControlRig_RoundedSquare_1mm.uexp" 218
"../../../Engine/Plugins/Animation/ControlRig/Content/Controls/ControlRig_RoundedSquare_3mm.uasset" 219
"../../../Engine/Plugins/Animation/ControlRig/Content/Controls/ControlRig_RoundedSquare_3mm.uexp" 220
"../../../Engine/Content/EditorResources/S_Trigger.ubulk" 221
"../../../Engine/Content/EditorResources/S_Trigger.uasset" 222
"../../../Engine/Content/EditorResources/S_Trigger.uexp" 223
"../../../Engine/Content/EngineMaterials/GizmoMaterial.uasset" 224
"../../../Engine/Content/EngineMaterials/GizmoMaterial.uexp" 225
"../../../Engine/Content/EditorResources/S_TriggerBox.uasset" 226
"../../../Engine/Content/EditorResources/S_TriggerBox.uexp" 227
"../../../Engine/Plugins/Animation/ControlRig/Content/Controls/ControlRig_RoundedSquare_solid.uasset" 228
"../../../Engine/Plugins/Animation/ControlRig/Content/Controls/ControlRig_RoundedSquare_solid.uexp" 229
"../../../Engine/Content/EditorResources/S_TriggerCapsule.uasset" 230
"../../../Engine/Content/EditorResources/S_TriggerCapsule.uexp" 231
"../../../Engine/Plugins/Animation/ControlRig/Content/Controls/ControlRig_RoundedTriangle_1mm.uasset" 232
"../../../Engine/Plugins/Animation/ControlRig/Content/Controls/ControlRig_RoundedTriangle_1mm.uexp" 233
"../../../Engine/Content/EditorResources/S_TriggerSphere.uasset" 234
"../../../Engine/Content/EditorResources/S_TriggerSphere.uexp" 235
"../../../Engine/Plugins/Animation/ControlRig/Content/Controls/ControlRig_RoundedTriangle_3mm.uasset" 236
"../../../Engine/Plugins/Animation/ControlRig/Content/Controls/ControlRig_RoundedTriangle_3mm.uexp" 237
"../../../Engine/Plugins/Animation/ControlRig/Content/Controls/ControlRig_RoundedTriangle_solid.uasset" 238
"../../../Engine/Plugins/Animation/ControlRig/Content/Controls/ControlRig_RoundedTriangle_solid.uexp" 239
"../../../Engine/Plugins/Animation/ControlRig/Content/Controls/ControlRig_Sphere_1mm.uasset" 240
"../../../Engine/Plugins/Animation/ControlRig/Content/Controls/ControlRig_Sphere_1mm.uexp" 241
"../../../Engine/Plugins/Animation/ControlRig/Content/Controls/ControlRig_Sphere_3mm.uasset" 242
"../../../Engine/Plugins/Animation/ControlRig/Content/Controls/ControlRig_Sphere_3mm.uexp" 243
"../../../Engine/Plugins/Animation/ControlRig/Content/Controls/ControlRig_Sphere_solid.uasset" 244
"../../../Engine/Plugins/Animation/ControlRig/Content/Controls/ControlRig_Sphere_solid.uexp" 245
"../../../Engine/Content/EngineMaterials/MiniFont.uasset" 246
"../../../Engine/Content/EngineMaterials/MiniFont.uexp" 247
"../../../Engine/Plugins/Animation/ControlRig/Content/Controls/ControlRig_Square_1mm.uasset" 248
"../../../Engine/Plugins/Animation/ControlRig/Content/Controls/ControlRig_Square_1mm.uexp" 249
"../../../Engine/Content/EngineMaterials/InvalidLightmapSettings.ubulk" 250
"../../../Engine/Content/EngineMaterials/InvalidLightmapSettings.uasset" 251
"../../../Engine/Content/EngineMaterials/InvalidLightmapSettings.uexp" 252
"../../../Engine/Content/EngineMaterials/M_InvalidLightmapSettings.uasset" 253
"../../../Engine/Content/EngineMaterials/M_InvalidLightmapSettings.uexp" 254
"../../../Engine/Content/Functions/Engine_MaterialFunctions02/Utility/CameraDirectionVector.uasset" 255
"../../../Engine/Content/Functions/Engine_MaterialFunctions02/Utility/CameraDirectionVector.uexp" 256
"../../../Engine/Content/Functions/Engine_MaterialFunctions02/Utility/VectorLength.uasset" 257
"../../../Engine/Content/Functions/Engine_MaterialFunctions02/Utility/VectorLength.uexp" 258
"../../../Engine/Plugins/Experimental/MeshModelingToolsetExp/Content/Materials/GetDisplacementVectorForDepthBias.uasset" 259
"../../../Engine/Plugins/Experimental/MeshModelingToolsetExp/Content/Materials/GetDisplacementVectorForDepthBias.uexp" 260
"../../../Engine/Content/Functions/Engine_MaterialFunctions03/Viewport/MF_OrthoWidth.uasset" 261
"../../../Engine/Content/Functions/Engine_MaterialFunctions03/Viewport/MF_OrthoWidth.uexp" 262
"../../../Engine/Content/Functions/Engine_MaterialFunctions02/Utility/FOV.uasset" 263
"../../../Engine/Content/Functions/Engine_MaterialFunctions02/Utility/FOV.uexp" 264
"../../../Engine/Content/Functions/Engine_MaterialFunctions02/WorldPositionOffset/V2/ObjectScale.uasset" 265
"../../../Engine/Content/Functions/Engine_MaterialFunctions02/WorldPositionOffset/V2/ObjectScale.uexp" 266
"../../../Engine/Plugins/Experimental/MeshModelingToolsetExp/Content/Materials/PointSetOverlaidComponentMaterial.uasset" 267
"../../../Engine/Plugins/Experimental/MeshModelingToolsetExp/Content/Materials/PointSetOverlaidComponentMaterial.uexp" 268
"../../../Engine/Content/EngineMaterials/NaniteHiddenSectionMaterial.uasset" 269
"../../../Engine/Content/EngineMaterials/NaniteHiddenSectionMaterial.uexp" 270
"../../../Engine/Plugins/Animation/ControlRig/Content/Controls/ControlRig_Square_3mm.uasset" 271
"../../../Engine/Plugins/Animation/ControlRig/Content/Controls/ControlRig_Square_3mm.uexp" 272
"../../../Engine/Plugins/Media/MediaPlate/Content/SM_MediaPlateScreen.uasset" 273
"../../../Engine/Plugins/Media/MediaPlate/Content/SM_MediaPlateScreen.uexp" 274
"../../../Engine/Plugins/Animation/ControlRig/Content/Controls/ControlRig_Square_solid.uasset" 275
"../../../Engine/Plugins/Animation/ControlRig/Content/Controls/ControlRig_Square_solid.uexp" 276
"../../../Engine/Plugins/NNE/NNEDenoiser/Content/NNEDIM_ColorAlbedoNormal_Alpha.uasset" 277
"../../../Engine/Plugins/NNE/NNEDenoiser/Content/NNEDIM_ColorAlbedoNormal_Alpha.uexp" 278
"../../../Engine/Plugins/NNE/NNEDenoiser/Content/NNEDIM_ColorAlbedoNormal_Default.uasset" 279
"../../../Engine/Plugins/NNE/NNEDenoiser/Content/NNEDIM_ColorAlbedoNormal_Default.uexp" 280
"../../../Engine/Plugins/NNE/NNEDenoiser/Content/NNEDIM_HighQuality_Alpha.uasset" 281
"../../../Engine/Plugins/NNE/NNEDenoiser/Content/NNEDIM_HighQuality_Alpha.uexp" 282
"../../../Engine/Plugins/NNE/NNEDenoiser/Content/NNEDIM_HighQuality_Default.uasset" 283
"../../../Engine/Plugins/NNE/NNEDenoiser/Content/NNEDIM_HighQuality_Default.uexp" 284
"../../../Engine/Plugins/Animation/ControlRig/Content/Controls/ControlRig_Star4_1mm.uasset" 285
"../../../Engine/Plugins/Animation/ControlRig/Content/Controls/ControlRig_Star4_1mm.uexp" 286
"../../../Engine/Plugins/NNE/NNEDenoiser/Content/NNEDOM_Output_Alpha.uasset" 287
"../../../Engine/Plugins/NNE/NNEDenoiser/Content/NNEDOM_Output_Alpha.uexp" 288
"../../../Engine/Plugins/NNE/NNEDenoiser/Content/NNEDOM_Output_Default.uasset" 289
"../../../Engine/Plugins/NNE/NNEDenoiser/Content/NNEDOM_Output_Default.uexp" 290
"../../../Engine/Plugins/NNE/NNEDenoiser/Content/NNEDTIM_ColorAlbedoNormal_Alpha.uasset" 291
"../../../Engine/Plugins/NNE/NNEDenoiser/Content/NNEDTIM_ColorAlbedoNormal_Alpha.uexp" 292
"../../../Engine/Plugins/NNE/NNEDenoiser/Content/NNEDTIM_ColorAlbedoNormal_Default.uasset" 293
"../../../Engine/Plugins/NNE/NNEDenoiser/Content/NNEDTIM_ColorAlbedoNormal_Default.uexp" 294
"../../../Engine/Plugins/NNE/NNEDenoiser/Content/NNEDTOM_Output_Alpha.uasset" 295
"../../../Engine/Plugins/NNE/NNEDenoiser/Content/NNEDTOM_Output_Alpha.uexp" 296
"../../../Engine/Plugins/Animation/ControlRig/Content/Controls/ControlRig_Star4_3mm.uasset" 297
"../../../Engine/Plugins/Animation/ControlRig/Content/Controls/ControlRig_Star4_3mm.uexp" 298
"../../../Engine/Plugins/NNE/NNEDenoiser/Content/NNEDTOM_Output_Default.uasset" 299
"../../../Engine/Plugins/NNE/NNEDenoiser/Content/NNEDTOM_Output_Default.uexp" 300
"../../../Engine/Content/Functions/Engine_MaterialFunctions02/WorldPositionOffset/CameraOffset.uasset" 301
"../../../Engine/Content/Functions/Engine_MaterialFunctions02/WorldPositionOffset/CameraOffset.uexp" 302
"../../../Engine/Content/EngineMaterials/PhAT_JointLimitMaterial.uasset" 303
"../../../Engine/Content/EngineMaterials/PhAT_JointLimitMaterial.uexp" 304
"../../../Engine/Plugins/NNE/NNEDenoiser/Content/NNEDT_Oidn2-3_Balanced.uasset" 305
"../../../Engine/Plugins/NNE/NNEDenoiser/Content/NNEDT_Oidn2-3_Balanced.uexp" 306
"../../../Engine/Plugins/NNE/NNEDenoiser/Content/NNEDT_Oidn2-3_Balanced_Alpha.uasset" 307
"../../../Engine/Plugins/NNE/NNEDenoiser/Content/NNEDT_Oidn2-3_Balanced_Alpha.uexp" 308
"../../../Engine/Plugins/NNE/NNEDenoiser/Content/NNED_Oidn2-3_Balanced.uasset" 309
"../../../Engine/Plugins/NNE/NNEDenoiser/Content/NNED_Oidn2-3_Balanced.uexp" 310
"../../../Engine/Plugins/Animation/ControlRig/Content/Controls/ControlRig_Star4_solid.uasset" 311
"../../../Engine/Plugins/Animation/ControlRig/Content/Controls/ControlRig_Star4_solid.uexp" 312
"../../../Engine/Content/EngineMaterials/DefaultCalibrationColor.uasset" 313
"../../../Engine/Content/EngineMaterials/DefaultCalibrationColor.uexp" 314
"../../../Engine/Content/EngineMaterials/PPM_DefaultCalibrationColor.uasset" 315
"../../../Engine/Content/EngineMaterials/PPM_DefaultCalibrationColor.uexp" 316
"../../../Engine/Plugins/NNE/NNEDenoiser/Content/NNED_Oidn2-3_Balanced_Alpha.uasset" 317
"../../../Engine/Plugins/NNE/NNEDenoiser/Content/NNED_Oidn2-3_Balanced_Alpha.uexp" 318
"../../../Engine/Content/EngineMaterials/DefaultCalibrationGrayscale.uasset" 319
"../../../Engine/Content/EngineMaterials/DefaultCalibrationGrayscale.uexp" 320
"../../../Engine/Content/EngineMaterials/PPM_DefaultCalibrationGrayscale.uasset" 321
"../../../Engine/Content/EngineMaterials/PPM_DefaultCalibrationGrayscale.uexp" 322
"../../../Engine/Plugins/NNE/NNEDenoiser/Content/NNED_Oidn2-3_Fast.uasset" 323
"../../../Engine/Plugins/NNE/NNEDenoiser/Content/NNED_Oidn2-3_Fast.uexp" 324
"../../../Engine/Plugins/NNE/NNEDenoiser/Content/NNED_Oidn2-3_Fast_Alpha.uasset" 325
"../../../Engine/Plugins/NNE/NNEDenoiser/Content/NNED_Oidn2-3_Fast_Alpha.uexp" 326
"../../../Engine/Plugins/NNE/NNEDenoiser/Content/NNED_Oidn2-3_HighQuality.uasset" 327
"../../../Engine/Plugins/NNE/NNEDenoiser/Content/NNED_Oidn2-3_HighQuality.uexp" 328
"../../../Engine/Plugins/Animation/ControlRig/Content/Controls/ControlRig_Triangle_1mm.uasset" 329
"../../../Engine/Plugins/Animation/ControlRig/Content/Controls/ControlRig_Triangle_1mm.uexp" 330
"../../../Engine/Plugins/NNE/NNEDenoiser/Content/NNED_Oidn2-3_HighQuality_Alpha.uasset" 331
"../../../Engine/Plugins/NNE/NNEDenoiser/Content/NNED_Oidn2-3_HighQuality_Alpha.uexp" 332
"../../../Engine/Plugins/NNE/NNEDenoiser/Content/NNE_oidn2-3-0_rt_hdr_alb_nrm_small__dyn__fp16_opset11_DenoiseAlpha.uasset" 333
"../../../Engine/Plugins/NNE/NNEDenoiser/Content/NNE_oidn2-3-0_rt_hdr_alb_nrm_small__dyn__fp16_opset11_DenoiseAlpha.uexp" 334
"../../../Engine/Plugins/NNE/NNEDenoiser/Content/NNE_oidn2-3-0_rt_hdr_alb_nrm_small__dyn__fp16_opset11_ForwardAlpha.uasset" 335
"../../../Engine/Plugins/NNE/NNEDenoiser/Content/NNE_oidn2-3-0_rt_hdr_alb_nrm_small__dyn__fp16_opset11_ForwardAlpha.uexp" 336
"../../../Engine/Plugins/NNE/NNEDenoiser/Content/NNE_oidn2-3-0_rt_hdr_alb_nrm__dyn__fp16_opset11_DenoiseAlpha.uasset" 337
"../../../Engine/Plugins/NNE/NNEDenoiser/Content/NNE_oidn2-3-0_rt_hdr_alb_nrm__dyn__fp16_opset11_DenoiseAlpha.uexp" 338
"../../../Engine/Plugins/NNE/NNEDenoiser/Content/NNE_oidn2-3-0_rt_hdr_alb_nrm__dyn__fp16_opset11_ForwardAlpha.uasset" 339
"../../../Engine/Plugins/NNE/NNEDenoiser/Content/NNE_oidn2-3-0_rt_hdr_alb_nrm__dyn__fp16_opset11_ForwardAlpha.uexp" 340
"../../../Engine/Plugins/NNE/NNEDenoiser/Content/NNE_oidn2-3-0_rt_hdr_calb_cnrm_large__dyn__fp16_opset11_DenoiseAlpha.uasset" 341
"../../../Engine/Plugins/NNE/NNEDenoiser/Content/NNE_oidn2-3-0_rt_hdr_calb_cnrm_large__dyn__fp16_opset11_DenoiseAlpha.uexp" 342
"../../../Engine/Plugins/NNE/NNEDenoiser/Content/NNE_oidn2-3-0_rt_hdr_calb_cnrm_large__dyn__fp16_opset11_ForwardAlpha.uasset" 343
"../../../Engine/Plugins/NNE/NNEDenoiser/Content/NNE_oidn2-3-0_rt_hdr_calb_cnrm_large__dyn__fp16_opset11_ForwardAlpha.uexp" 344
"../../../Engine/Plugins/Animation/ControlRig/Content/Controls/ControlRig_Triangle_3mm.uasset" 345
"../../../Engine/Plugins/Animation/ControlRig/Content/Controls/ControlRig_Triangle_3mm.uexp" 346
"../../../Engine/Content/EngineMaterials/PreintegratedSkinBRDF.uasset" 347
"../../../Engine/Content/EngineMaterials/PreintegratedSkinBRDF.uexp" 348
"../../../Engine/Plugins/Animation/ControlRig/Content/Controls/ControlRig_Triangle_solid.uasset" 349
"../../../Engine/Plugins/Animation/ControlRig/Content/Controls/ControlRig_Triangle_solid.uexp" 350
"../../../Engine/Plugins/Animation/ControlRig/Content/Controls/ControlRig_Wedge_1mm.uasset" 351
"../../../Engine/Plugins/Animation/ControlRig/Content/Controls/ControlRig_Wedge_1mm.uexp" 352
"../../../Engine/Plugins/Animation/ControlRig/Content/Controls/ControlRig_Wedge_3mm.uasset" 353
"../../../Engine/Plugins/Animation/ControlRig/Content/Controls/ControlRig_Wedge_3mm.uexp" 354
"../../../Engine/Content/EditorMaterials/PhAT_NoCollisionMaterial.uasset" 355
"../../../Engine/Content/EditorMaterials/PhAT_NoCollisionMaterial.uexp" 356
"../../../Engine/Content/EditorMaterials/PhAT_UnselectedMaterial.uasset" 357
"../../../Engine/Content/EditorMaterials/PhAT_UnselectedMaterial.uexp" 358
"../../../Engine/Plugins/Animation/ControlRig/Content/Controls/ControlRig_Wedge_solid.uasset" 359
"../../../Engine/Plugins/Animation/ControlRig/Content/Controls/ControlRig_Wedge_solid.uexp" 360
"../../../Engine/Content/EngineMaterials/RemoveSurfaceMaterial.uasset" 361
"../../../Engine/Content/EngineMaterials/RemoveSurfaceMaterial.uexp" 362
"../../../Engine/Content/EditorMaterials/PreviewShadowIndicator.ubulk" 363
"../../../Engine/Content/EditorMaterials/PreviewShadowIndicator.uasset" 364
"../../../Engine/Content/EditorMaterials/PreviewShadowIndicator.uexp" 365
"../../../Engine/Content/EditorMaterials/PreviewShadowIndicatorMaterial.uasset" 366
"../../../Engine/Content/EditorMaterials/PreviewShadowIndicatorMaterial.uexp" 367
"../../../Engine/Content/EngineMaterials/SMAAAreaTex.uasset" 368
"../../../Engine/Content/EngineMaterials/SMAAAreaTex.uexp" 369
"../../../Engine/Content/EngineMaterials/SMAASearchTex.uasset" 370
"../../../Engine/Content/EngineMaterials/SMAASearchTex.uexp" 371
"../../../Engine/Content/EngineMaterials/DefaultMaterial.uasset" 372
"../../../Engine/Content/EngineMaterials/DefaultMaterial.uexp" 373
"../../../Engine/Content/BasicShapes/Cylinder.uasset" 374
"../../../Engine/Content/BasicShapes/Cylinder.uexp" 375
"../../../Engine/Content/BasicShapes/Plane.uasset" 376
"../../../Engine/Content/BasicShapes/Plane.uexp" 377
"../../../Engine/Content/Functions/Engine_MaterialFunctions02/WorldPositionOffset/ObjectScale.uasset" 378
"../../../Engine/Content/Functions/Engine_MaterialFunctions02/WorldPositionOffset/ObjectScale.uexp" 379
"../../../Engine/Content/Functions/Engine_MaterialFunctions02/Utility/BreakOutFloat3Components.uasset" 380
"../../../Engine/Content/Functions/Engine_MaterialFunctions02/Utility/BreakOutFloat3Components.uexp" 381
"../../../Engine/Plugins/Editor/SpeedTreeImporter/Content/SpeedTree9/Empty.uasset" 382
"../../../Engine/Plugins/Editor/SpeedTreeImporter/Content/SpeedTree9/Empty.uexp" 383
"../../../Engine/Plugins/Editor/SpeedTreeImporter/Content/SpeedTree9/EmptyNormal.uasset" 384
"../../../Engine/Plugins/Editor/SpeedTreeImporter/Content/SpeedTree9/EmptyNormal.uexp" 385
"../../../Engine/Plugins/Editor/SpeedTreeImporter/Content/SpeedTree9/game_wind_noise.ubulk" 386
"../../../Engine/Plugins/Editor/SpeedTreeImporter/Content/SpeedTree9/game_wind_noise.uasset" 387
"../../../Engine/Plugins/Editor/SpeedTreeImporter/Content/SpeedTree9/game_wind_noise.uexp" 388
"../../../Engine/Plugins/Editor/SpeedTreeImporter/Content/SpeedTree9/SpeedTreeBillboard.uasset" 389
"../../../Engine/Plugins/Editor/SpeedTreeImporter/Content/SpeedTree9/SpeedTreeBillboard.uexp" 390
"../../../Engine/Content/Functions/Engine_MaterialFunctions02/SafeNormalize.uasset" 391
"../../../Engine/Content/Functions/Engine_MaterialFunctions02/SafeNormalize.uexp" 392
"../../../Engine/Plugins/Editor/SpeedTreeImporter/Content/SpeedTree9/SpeedTreeWindMotion.uasset" 393
"../../../Engine/Plugins/Editor/SpeedTreeImporter/Content/SpeedTree9/SpeedTreeWindMotion.uexp" 394
"../../../Engine/Plugins/Editor/SpeedTreeImporter/Content/SpeedTree9/UnpackDirection.uasset" 395
"../../../Engine/Plugins/Editor/SpeedTreeImporter/Content/SpeedTree9/UnpackDirection.uexp" 396
"../../../Engine/Plugins/Editor/SpeedTreeImporter/Content/SpeedTree9/UnpackInteger3.uasset" 397
"../../../Engine/Plugins/Editor/SpeedTreeImporter/Content/SpeedTree9/UnpackInteger3.uexp" 398
"../../../Engine/Plugins/Editor/SpeedTreeImporter/Content/SpeedTree9/SpeedTreeBranchMotion.uasset" 399
"../../../Engine/Plugins/Editor/SpeedTreeImporter/Content/SpeedTree9/SpeedTreeBranchMotion.uexp" 400
"../../../Engine/Content/Functions/Engine_MaterialFunctions02/ObjectLocalBounds.uasset" 401
"../../../Engine/Content/Functions/Engine_MaterialFunctions02/ObjectLocalBounds.uexp" 402
"../../../Engine/Content/Functions/Engine_MaterialFunctions02/UVs/BoundingBoxBased_0-1_UVW.uasset" 403
"../../../Engine/Content/Functions/Engine_MaterialFunctions02/UVs/BoundingBoxBased_0-1_UVW.uexp" 404
"../../../Engine/Plugins/Editor/SpeedTreeImporter/Content/SpeedTree9/SpeedTreeWind.uasset" 405
"../../../Engine/Plugins/Editor/SpeedTreeImporter/Content/SpeedTree9/SpeedTreeWind.uexp" 406
"../../../Engine/Plugins/Editor/SpeedTreeImporter/Content/SpeedTree9/SpeedTreeBillboardMaster.uasset" 407
"../../../Engine/Plugins/Editor/SpeedTreeImporter/Content/SpeedTree9/SpeedTreeBillboardMaster.uexp" 408
"../../../Engine/Plugins/Editor/SpeedTreeImporter/Content/SpeedTree9/SpeedTreeCameraFacing.uasset" 409
"../../../Engine/Plugins/Editor/SpeedTreeImporter/Content/SpeedTree9/SpeedTreeCameraFacing.uexp" 410
"../../../Engine/Plugins/Editor/SpeedTreeImporter/Content/SpeedTree9/SpeedTreeMaster.uasset" 411
"../../../Engine/Plugins/Editor/SpeedTreeImporter/Content/SpeedTree9/SpeedTreeMaster.uexp" 412
"../../../Engine/Content/EngineMaterials/WeightMapPlaceholderTexture.uasset" 413
"../../../Engine/Content/EngineMaterials/WeightMapPlaceholderTexture.uexp" 414
"../../../Engine/Content/EngineMaterials/WeightMapArrayPlaceholderTexture.uasset" 415
"../../../Engine/Content/EngineMaterials/WeightMapArrayPlaceholderTexture.uexp" 416
"../../../Engine/Content/EngineResources/WhiteSquareTexture.uasset" 417
"../../../Engine/Content/EngineResources/WhiteSquareTexture.uexp" 418
"../../../Engine/Content/EngineMaterials/Widget3DPassThrough.uasset" 419
"../../../Engine/Content/EngineMaterials/Widget3DPassThrough.uexp" 420
"../../../Engine/Content/EngineMaterials/Widget3DPassThrough_Masked.uasset" 421
"../../../Engine/Content/EngineMaterials/Widget3DPassThrough_Masked.uexp" 422
"../../../Engine/Content/EngineMaterials/Widget3DPassThrough_Opaque.uasset" 423
"../../../Engine/Content/EngineMaterials/Widget3DPassThrough_Opaque.uexp" 424
"../../../Engine/Content/EngineMaterials/Widget3DPassThrough_Masked_OneSided.uasset" 425
"../../../Engine/Content/EngineMaterials/Widget3DPassThrough_Masked_OneSided.uexp" 426
"../../../Engine/Content/EngineMaterials/Widget3DPassThrough_Opaque_OneSided.uasset" 427
"../../../Engine/Content/EngineMaterials/Widget3DPassThrough_Opaque_OneSided.uexp" 428
"../../../Engine/Content/EngineMaterials/Widget3DPassThrough_Translucent.uasset" 429
"../../../Engine/Content/EngineMaterials/Widget3DPassThrough_Translucent.uexp" 430
"../../../Engine/Content/EngineMaterials/Widget3DPassThrough_Translucent_OneSided.uasset" 431
"../../../Engine/Content/EngineMaterials/Widget3DPassThrough_Translucent_OneSided.uexp" 432
"../../../Engine/Plugins/Interchange/Assets/Content/Functions/MX_AbsorptionVDF.uasset" 433
"../../../Engine/Plugins/Interchange/Assets/Content/Functions/MX_AbsorptionVDF.uexp" 434
"../../../Engine/Plugins/Interchange/Assets/Content/Functions/MX_AnisotropicVDF.uasset" 435
"../../../Engine/Plugins/Interchange/Assets/Content/Functions/MX_AnisotropicVDF.uexp" 436
"../../../Engine/Plugins/Interchange/Assets/Content/Functions/MX_BurleyDiffuseBSDF.uasset" 437
"../../../Engine/Plugins/Interchange/Assets/Content/Functions/MX_BurleyDiffuseBSDF.uexp" 438
"../../../Engine/Content/Functions/Engine_MaterialFunctions02/Math/Transform3x3Matrix.uasset" 439
"../../../Engine/Content/Functions/Engine_MaterialFunctions02/Math/Transform3x3Matrix.uexp" 440
"../../../Engine/Content/Functions/Engine_MaterialFunctions02/SplitComponents.uasset" 441
"../../../Engine/Content/Functions/Engine_MaterialFunctions02/SplitComponents.uexp" 442
"../../../Engine/Content/VREditor/SnapGrid/SnapGridMaterial.uasset" 443
"../../../Engine/Content/VREditor/SnapGrid/SnapGridMaterial.uexp" 444
"../../../Engine/Content/VREditor/SnapGrid/SnapGridPlaneMesh.uasset" 445
"../../../Engine/Content/VREditor/SnapGrid/SnapGridPlaneMesh.uexp" 446
"../../../Engine/Content/VREditor/LaserPointer/VR_LaserPower_01.ubulk" 447
"../../../Engine/Content/VREditor/LaserPointer/VR_LaserPower_01.uasset" 448
"../../../Engine/Content/VREditor/LaserPointer/VR_LaserPower_01.uexp" 449
"../../../Engine/Content/VREditor/TransformGizmo/TransformGizmoMaterial.uasset" 450
"../../../Engine/Content/VREditor/TransformGizmo/TransformGizmoMaterial.uexp" 451
"../../../Engine/Content/VREditor/TransformGizmo/TranslucentTransformGizmoMaterial.uasset" 452
"../../../Engine/Content/VREditor/TransformGizmo/TranslucentTransformGizmoMaterial.uexp" 453
"../../../Engine/Content/VREditor/TransformGizmo/PlaneTranslationHandle.uasset" 454
"../../../Engine/Content/VREditor/TransformGizmo/PlaneTranslationHandle.uexp" 455
"../../../Engine/Content/VREditor/TransformGizmo/RotationHandleFull.uasset" 456
"../../../Engine/Content/VREditor/TransformGizmo/RotationHandleFull.uexp" 457
"../../../Engine/Content/VREditor/TransformGizmo/RotationHandleIndicator.uasset" 458
"../../../Engine/Content/VREditor/TransformGizmo/RotationHandleIndicator.uexp" 459
"../../../Engine/Content/VREditor/TransformGizmo/RotationHandleQuarter.uasset" 460
"../../../Engine/Content/VREditor/TransformGizmo/RotationHandleQuarter.uexp" 461
"../../../Engine/Content/VREditor/TransformGizmo/StartRotationHandleIndicator.uasset" 462
"../../../Engine/Content/VREditor/TransformGizmo/StartRotationHandleIndicator.uexp" 463
"../../../Engine/Content/VREditor/TransformGizmo/TranslucentTransformGizmoMaterial_Inst.uasset" 464
"../../../Engine/Content/VREditor/TransformGizmo/TranslucentTransformGizmoMaterial_Inst.uexp" 465
"../../../Engine/Content/VREditor/TransformGizmo/TransformGizmoFreeRotation.uasset" 466
"../../../Engine/Content/VREditor/TransformGizmo/TransformGizmoFreeRotation.uexp" 467
"../../../Engine/Content/VREditor/TransformGizmo/TransformGizmoMaterial_Inst.uasset" 468
"../../../Engine/Content/VREditor/TransformGizmo/TransformGizmoMaterial_Inst.uexp" 469
"../../../Engine/Content/VREditor/TransformGizmo/TranslateArrowHandle.uasset" 470
"../../../Engine/Content/VREditor/TransformGizmo/TranslateArrowHandle.uexp" 471
"../../../Engine/Content/VREditor/TransformGizmo/UniformScaleHandle.uasset" 472
"../../../Engine/Content/VREditor/TransformGizmo/UniformScaleHandle.uexp" 473
"../../../Engine/Content/VREditor/Sounds/UI/Drop_Item_From_ContentBrowser.ubulk" 474
"../../../Engine/Content/VREditor/Sounds/UI/Drop_Item_From_ContentBrowser.uasset" 475
"../../../Engine/Content/VREditor/Sounds/UI/Drop_Item_From_ContentBrowser.uexp" 476
"../../../Engine/Content/VREditor/Sounds/UI/Gizmo_Handle_Clicked.ubulk" 477
"../../../Engine/Content/VREditor/Sounds/UI/Gizmo_Handle_Clicked.uasset" 478
"../../../Engine/Content/VREditor/Sounds/UI/Gizmo_Handle_Clicked.uexp" 479
"../../../Engine/Content/VREditor/Sounds/UI/Object_PickUp.ubulk" 480
"../../../Engine/Content/VREditor/Sounds/UI/Object_PickUp.uasset" 481
"../../../Engine/Content/VREditor/Sounds/UI/Object_PickUp.uexp" 482
"../../../Engine/Content/VREditor/Sounds/UI/Object_Snaps_To_Another_Actor.ubulk" 483
"../../../Engine/Content/VREditor/Sounds/UI/Object_Snaps_To_Another_Actor.uasset" 484
"../../../Engine/Content/VREditor/Sounds/UI/Object_Snaps_To_Another_Actor.uexp" 485
"../../../Engine/Content/VREditor/Sounds/UI/Object_Snaps_To_Grid.ubulk" 486
"../../../Engine/Content/VREditor/Sounds/UI/Object_Snaps_To_Grid.uasset" 487
"../../../Engine/Content/VREditor/Sounds/UI/Object_Snaps_To_Grid.uexp" 488
"../../../Engine/Content/VREditor/Sounds/UI/Scaling_Down.ubulk" 489
"../../../Engine/Content/VREditor/Sounds/UI/Scaling_Down.uasset" 490
"../../../Engine/Content/VREditor/Sounds/UI/Scaling_Down.uexp" 491
"../../../Engine/Content/VREditor/Sounds/UI/Scaling_Up.ubulk" 492
"../../../Engine/Content/VREditor/Sounds/UI/Scaling_Up.uasset" 493
"../../../Engine/Content/VREditor/Sounds/UI/Scaling_Up.uexp" 494
"../../../Engine/Content/VREditor/Sounds/UI/Selection_Changes.ubulk" 495
"../../../Engine/Content/VREditor/Sounds/UI/Selection_Changes.uasset" 496
"../../../Engine/Content/VREditor/Sounds/UI/Selection_Changes.uexp" 497
"../../../Engine/Plugins/Interchange/Assets/Content/Functions/MX_ChiangHairBSDF.uasset" 498
"../../../Engine/Plugins/Interchange/Assets/Content/Functions/MX_ChiangHairBSDF.uexp" 499
"../../../Engine/Plugins/Interchange/Assets/Content/Functions/MX_ConductorBSDF.uasset" 500
"../../../Engine/Plugins/Interchange/Assets/Content/Functions/MX_ConductorBSDF.uexp" 501
"../../../Engine/Plugins/Animation/ControlRig/Content/Controls/ControlRigGizmoMaterial.uasset" 502
"../../../Engine/Plugins/Animation/ControlRig/Content/Controls/ControlRigGizmoMaterial.uexp" 503
"../../../Engine/Plugins/Interchange/Assets/Content/Functions/MX_ConicalEDF.uasset" 504
"../../../Engine/Plugins/Interchange/Assets/Content/Functions/MX_ConicalEDF.uexp" 505
"../../../Engine/Plugins/Animation/ControlRig/Content/Controls/ControlRigXRayMaterial.uasset" 506
"../../../Engine/Plugins/Animation/ControlRig/Content/Controls/ControlRigXRayMaterial.uexp" 507
"../../../Engine/Plugins/Interchange/Assets/Content/Functions/MX_DielectricBSDF.uasset" 508
"../../../Engine/Plugins/Interchange/Assets/Content/Functions/MX_DielectricBSDF.uexp" 509
"../../../Engine/Content/EditorLandscapeResources/ColorMaskBrushMaterial.uasset" 510
"../../../Engine/Content/EditorLandscapeResources/ColorMaskBrushMaterial.uexp" 511
"../../../Engine/Content/EditorLandscapeResources/ColorMaskBrushMaterial_MaskedRegion.uasset" 512
"../../../Engine/Content/EditorLandscapeResources/ColorMaskBrushMaterial_MaskedRegion.uexp" 513
"../../../Engine/Plugins/Animation/ControlRig/Content/Controls/ControlRig_Arrow2_1mm.uasset" 514
"../../../Engine/Plugins/Animation/ControlRig/Content/Controls/ControlRig_Arrow2_1mm.uexp" 515
"../../../Engine/Plugins/Interchange/Assets/Content/Functions/MX_Displacement.uasset" 516
"../../../Engine/Plugins/Interchange/Assets/Content/Functions/MX_Displacement.uexp" 517
"../../../Engine/Plugins/Interchange/Assets/Content/Functions/MX_GeneralizedSchlickBSDF.uasset" 518
"../../../Engine/Plugins/Interchange/Assets/Content/Functions/MX_GeneralizedSchlickBSDF.uexp" 519
"../../../Engine/Plugins/Animation/ControlRig/Content/Controls/ControlRig_Arrow2_3mm.uasset" 520
"../../../Engine/Plugins/Animation/ControlRig/Content/Controls/ControlRig_Arrow2_3mm.uexp" 521
"../../../Engine/Plugins/Animation/ControlRig/Content/Controls/ControlRig_Arrow2_solid.uasset" 522
"../../../Engine/Plugins/Animation/ControlRig/Content/Controls/ControlRig_Arrow2_solid.uexp" 523
"../../../Engine/Plugins/Animation/ControlRig/Content/Controls/ControlRig_Arrow4_1mm.uasset" 524
"../../../Engine/Plugins/Animation/ControlRig/Content/Controls/ControlRig_Arrow4_1mm.uexp" 525
"../../../Engine/Plugins/Interchange/Assets/Content/Functions/MX_MeasuredEDF.uasset" 526
"../../../Engine/Plugins/Interchange/Assets/Content/Functions/MX_MeasuredEDF.uexp" 527
"../../../Engine/Plugins/Animation/ControlRig/Content/Controls/ControlRig_Arrow4_3mm.uasset" 528
"../../../Engine/Plugins/Animation/ControlRig/Content/Controls/ControlRig_Arrow4_3mm.uexp" 529
"../../../Engine/Plugins/Interchange/Assets/Content/Functions/MF_IridescenceNoLUT.uasset" 530
"../../../Engine/Plugins/Interchange/Assets/Content/Functions/MF_IridescenceNoLUT.uexp" 531
"../../../Engine/Plugins/Interchange/Assets/Content/Functions/MX_StandardSurface.uasset" 532
"../../../Engine/Plugins/Interchange/Assets/Content/Functions/MX_StandardSurface.uexp" 533
"../../../Engine/Plugins/Interchange/Assets/Content/Functions/MX_OpenPBR_Opaque.uasset" 534
"../../../Engine/Plugins/Interchange/Assets/Content/Functions/MX_OpenPBR_Opaque.uexp" 535
"../../../Engine/Content/EditorLandscapeResources/LandscapeDirtyMaterial.uasset" 536
"../../../Engine/Content/EditorLandscapeResources/LandscapeDirtyMaterial.uexp" 537
"../../../Engine/Plugins/Animation/ControlRig/Content/Controls/ControlRig_Arrow4_solid.uasset" 538
"../../../Engine/Plugins/Animation/ControlRig/Content/Controls/ControlRig_Arrow4_solid.uexp" 539
"../../../Engine/Plugins/Interchange/Assets/Content/Functions/MX_TransmissionSurface.uasset" 540
"../../../Engine/Plugins/Interchange/Assets/Content/Functions/MX_TransmissionSurface.uexp" 541
"../../../Engine/Plugins/Interchange/Assets/Content/Functions/MX_OpenPBR_Translucent.uasset" 542
"../../../Engine/Plugins/Interchange/Assets/Content/Functions/MX_OpenPBR_Translucent.uexp" 543
"../../../Engine/Content/EngineResources/Black.uasset" 544
"../../../Engine/Content/EngineResources/Black.uexp" 545
"../../../Engine/Plugins/Animation/ControlRig/Content/Controls/ControlRig_Arrow_1mm.uasset" 546
"../../../Engine/Plugins/Animation/ControlRig/Content/Controls/ControlRig_Arrow_1mm.uexp" 547
"../../../Engine/Plugins/Interchange/Assets/Content/Functions/MX_OrenNayarBSDF.uasset" 548
"../../../Engine/Plugins/Interchange/Assets/Content/Functions/MX_OrenNayarBSDF.uexp" 549
"../../../Engine/Plugins/Animation/ControlRig/Content/Controls/ControlRig_Arrow_3mm.uasset" 550
"../../../Engine/Plugins/Animation/ControlRig/Content/Controls/ControlRig_Arrow_3mm.uexp" 551
"../../../Engine/Content/EngineResources/DefaultTexture.ubulk" 552
"../../../Engine/Content/EngineResources/DefaultTexture.uasset" 553
"../../../Engine/Content/EngineResources/DefaultTexture.uexp" 554
"../../../Engine/Plugins/Animation/ControlRig/Content/Controls/ControlRig_Arrow_solid.uasset" 555
"../../../Engine/Plugins/Animation/ControlRig/Content/Controls/ControlRig_Arrow_solid.uexp" 556
"../../../Engine/Content/Functions/Engine_MaterialFunctions01/Texturing/TextureCropping.uasset" 557
"../../../Engine/Content/Functions/Engine_MaterialFunctions01/Texturing/TextureCropping.uexp" 558
"../../../Engine/Content/Functions/Engine_MaterialFunctions02/ExampleContent/DebugNumberStrip.uasset" 559
"../../../Engine/Content/Functions/Engine_MaterialFunctions02/ExampleContent/DebugNumberStrip.uexp" 560
"../../../Engine/Content/Functions/Engine_MaterialFunctions01/Debug/DebugIntValues.uasset" 561
"../../../Engine/Content/Functions/Engine_MaterialFunctions01/Debug/DebugIntValues.uexp" 562
"../../../Engine/Content/Functions/Engine_MaterialFunctions01/Texturing/ScaleUVsByCenter.uasset" 563
"../../../Engine/Content/Functions/Engine_MaterialFunctions01/Texturing/ScaleUVsByCenter.uexp" 564
"../../../Engine/Content/Functions/Engine_MaterialFunctions02/WorldPositionOffset/LocalPosition.uasset" 565
"../../../Engine/Content/Functions/Engine_MaterialFunctions02/WorldPositionOffset/LocalPosition.uexp" 566
"../../../Engine/Content/EditorLandscapeResources/LandscapeLayerUsageMaterial.uasset" 567
"../../../Engine/Content/EditorLandscapeResources/LandscapeLayerUsageMaterial.uexp" 568
"../../../Engine/Content/EditorResources/BSPVertex.uasset" 569
"../../../Engine/Content/EditorResources/BSPVertex.uexp" 570
"../../../Engine/Plugins/Animation/ControlRig/Content/Controls/ControlRig_Box_1mm.uasset" 571
"../../../Engine/Plugins/Animation/ControlRig/Content/Controls/ControlRig_Box_1mm.uexp" 572
"../../../Engine/Content/EngineResources/DefaultVolumeTexture2D.uasset" 573
"../../../Engine/Content/EngineResources/DefaultVolumeTexture2D.uexp" 574
"../../../Engine/Content/EngineResources/DefaultVolumeTexture.uasset" 575
"../../../Engine/Content/EngineResources/DefaultVolumeTexture.uexp" 576
"../../../Engine/Plugins/Interchange/Assets/Content/Functions/MX_SubsurfaceBSDF.uasset" 577
"../../../Engine/Plugins/Interchange/Assets/Content/Functions/MX_SubsurfaceBSDF.uexp" 578
"../../../Engine/Plugins/Animation/ControlRig/Content/Controls/ControlRig_Box_3mm.uasset" 579
"../../../Engine/Plugins/Animation/ControlRig/Content/Controls/ControlRig_Box_3mm.uexp" 580
"../../../Engine/Plugins/Interchange/Assets/Content/Functions/MX_SheenBSDF.uasset" 581
"../../../Engine/Plugins/Interchange/Assets/Content/Functions/MX_SheenBSDF.uexp" 582
"../../../Engine/Plugins/Interchange/Assets/Content/Functions/MX_Surface.uasset" 583
"../../../Engine/Plugins/Interchange/Assets/Content/Functions/MX_Surface.uexp" 584
"../../../Engine/Plugins/Animation/ControlRig/Content/Controls/ControlRig_Box_solid.uasset" 585
"../../../Engine/Plugins/Animation/ControlRig/Content/Controls/ControlRig_Box_solid.uexp" 586
"../../../Engine/Content/EngineResources/GradientTexture0.uasset" 587
"../../../Engine/Content/EngineResources/GradientTexture0.uexp" 588
"../../../Engine/Plugins/Interchange/Assets/Content/Functions/MX_SurfaceUnlit.uasset" 589
"../../../Engine/Plugins/Interchange/Assets/Content/Functions/MX_SurfaceUnlit.uexp" 590
"../../../Engine/Plugins/Animation/ControlRig/Content/Controls/ControlRig_Circle_1mm.uasset" 591
"../../../Engine/Plugins/Animation/ControlRig/Content/Controls/ControlRig_Circle_1mm.uexp" 592
"../../../Engine/Plugins/Animation/ControlRig/Content/Controls/ControlRig_Circle_3mm.uasset" 593
"../../../Engine/Plugins/Animation/ControlRig/Content/Controls/ControlRig_Circle_3mm.uexp" 594
"../../../Engine/Plugins/Interchange/Assets/Content/Functions/MX_TranslucentBSDF.uasset" 595
"../../../Engine/Plugins/Interchange/Assets/Content/Functions/MX_TranslucentBSDF.uexp" 596
"../../../Engine/Plugins/Animation/ControlRig/Content/Controls/ControlRig_Circle_solid.uasset" 597
"../../../Engine/Plugins/Animation/ControlRig/Content/Controls/ControlRig_Circle_solid.uexp" 598
"../../../Engine/Plugins/Runtime/AudioWidgets/Content/Resources/ScrubHandleDown_Clamped.uasset" 599
"../../../Engine/Plugins/Runtime/AudioWidgets/Content/Resources/ScrubHandleDown_Clamped.uexp" 600
"../../../Engine/Plugins/Animation/ControlRig/Content/Controls/ControlRig_Diamond_1mm.uasset" 601
"../../../Engine/Plugins/Animation/ControlRig/Content/Controls/ControlRig_Diamond_1mm.uexp" 602
"../../../Engine/Plugins/Interchange/Assets/Content/Functions/MX_UniformEDF.uasset" 603
"../../../Engine/Plugins/Interchange/Assets/Content/Functions/MX_UniformEDF.uexp" 604
"../../../Engine/Plugins/Animation/ControlRig/Content/Controls/ControlRig_Diamond_3mm.uasset" 605
"../../../Engine/Plugins/Animation/ControlRig/Content/Controls/ControlRig_Diamond_3mm.uexp" 606
"../../../Engine/Plugins/Interchange/Assets/Content/Functions/MX_UsdPreviewSurface.uasset" 607
"../../../Engine/Plugins/Interchange/Assets/Content/Functions/MX_UsdPreviewSurface.uexp" 608
"../../../Engine/Content/EditorResources/S_Actor.ubulk" 609
"../../../Engine/Content/EditorResources/S_Actor.uasset" 610
"../../../Engine/Content/EditorResources/S_Actor.uexp" 611
"../../../Engine/Content/EditorResources/S_BoxReflectionCapture.uasset" 612
"../../../Engine/Content/EditorResources/S_BoxReflectionCapture.uexp" 613
"../../../Engine/Content/EditorResources/SequenceRecorder/Countdown.uasset" 614
"../../../Engine/Content/EditorResources/SequenceRecorder/Countdown.uexp" 615
"../../../Engine/Content/EditorResources/SequenceRecorder/RecordingIndicator.uasset" 616
"../../../Engine/Content/EditorResources/SequenceRecorder/RecordingIndicator.uexp" 617
"../../../Engine/Content/EditorMaterials/Dataflow/DataflowTwoSidedVertexMaterial.uasset" 618
"../../../Engine/Content/EditorMaterials/Dataflow/DataflowTwoSidedVertexMaterial.uexp" 619
"../../../Engine/Content/EditorMaterials/Dataflow/DataflowVertexMaterial.uasset" 620
"../../../Engine/Content/EditorMaterials/Dataflow/DataflowVertexMaterial.uexp" 621
"../../../Engine/Plugins/Runtime/HairStrands/Content/Materials/HairCardsDefaultMaterial.uasset" 622
"../../../Engine/Plugins/Runtime/HairStrands/Content/Materials/HairCardsDefaultMaterial.uexp" 623
"../../../Engine/Content/Functions/Engine_MaterialFunctions02/Utility/MakeFloat2.uasset" 624
"../../../Engine/Content/Functions/Engine_MaterialFunctions02/Utility/MakeFloat2.uexp" 625
"../../../Engine/Content/EngineMaterials/HairColorMap.uasset" 626
"../../../Engine/Content/EngineMaterials/HairColorMap.uexp" 627
"../../../Engine/Content/EngineMaterials/HairDebugColor.uasset" 628
"../../../Engine/Content/EngineMaterials/HairDebugColor.uexp" 629
"../../../Engine/Plugins/Runtime/HairStrands/Content/Materials/HairGroupColors.uasset" 630
"../../../Engine/Plugins/Runtime/HairStrands/Content/Materials/HairGroupColors.uexp" 631
"../../../Engine/Plugins/Runtime/HairStrands/Content/Materials/HairDebugMaterial.uasset" 632
"../../../Engine/Plugins/Runtime/HairStrands/Content/Materials/HairDebugMaterial.uexp" 633
"../../../Engine/Plugins/Runtime/HairStrands/Content/Materials/HairDefaultMaterial.uasset" 634
"../../../Engine/Plugins/Runtime/HairStrands/Content/Materials/HairDefaultMaterial.uexp" 635
"../../../Engine/Content/EngineDamageTypes/DmgTypeBP_Environmental.uasset" 636
"../../../Engine/Content/EngineDamageTypes/DmgTypeBP_Environmental.uexp" 637
"../../../Engine/Plugins/Runtime/HairStrands/Content/Materials/HairMeshesDefaultMaterial.uasset" 638
"../../../Engine/Plugins/Runtime/HairStrands/Content/Materials/HairMeshesDefaultMaterial.uexp" 639
"../../../Engine/Content/EngineMaterials/EnergyConservation/Diffuse_Energy.uasset" 640
"../../../Engine/Content/EngineMaterials/EnergyConservation/Diffuse_Energy.uexp" 641
"../../../Engine/Content/EngineMaterials/EnergyConservation/GGX_ReflectionEnergy.uasset" 642
"../../../Engine/Content/EngineMaterials/EnergyConservation/GGX_ReflectionEnergy.uexp" 643
"../../../Engine/Plugins/Interchange/Assets/Content/Substrate/MX_SimpleVolume.uasset" 644
"../../../Engine/Plugins/Interchange/Assets/Content/Substrate/MX_SimpleVolume.uexp" 645
"../../../Engine/Content/EngineMaterials/EnergyConservation/GGX_TransmissionEnergyArray.uasset" 646
"../../../Engine/Content/EngineMaterials/EnergyConservation/GGX_TransmissionEnergyArray.uexp" 647
"../../../Engine/Content/VREditor/TransformGizmo/BoundingBoxCorner.uasset" 648
"../../../Engine/Content/VREditor/TransformGizmo/BoundingBoxCorner.uexp" 649
"../../../Engine/Content/EngineMaterials/EnergyConservation/SheenLegacy_Energy.uasset" 650
"../../../Engine/Content/EngineMaterials/EnergyConservation/SheenLegacy_Energy.uexp" 651
"../../../Engine/Content/VREditor/TransformGizmo/BoundingBoxEdge.uasset" 652
"../../../Engine/Content/VREditor/TransformGizmo/BoundingBoxEdge.uexp" 653
"../../../Engine/Content/EngineMaterials/EnergyConservation/Sheen_Energy.uasset" 654
"../../../Engine/Content/EngineMaterials/EnergyConservation/Sheen_Energy.uexp" 655
"../../../Engine/Content/EngineDebugMaterials/DebugEditorMaterial.uasset" 656
"../../../Engine/Content/EngineDebugMaterials/DebugEditorMaterial.uexp" 657
"../../../Engine/Content/EngineDebugMaterials/DebugMeshMaterial.uasset" 658
"../../../Engine/Content/EngineDebugMaterials/DebugMeshMaterial.uexp" 659
"../../../Engine/Content/EngineMaterials/LTC/GGX_LTCAmp.uasset" 660
"../../../Engine/Content/EngineMaterials/LTC/GGX_LTCAmp.uexp" 661
"../../../Engine/Content/EngineMaterials/LTC/GGX_LTCMat.uasset" 662
"../../../Engine/Content/EngineMaterials/LTC/GGX_LTCMat.uexp" 663
"../../../Engine/Content/EditorMaterials/ParticleSystems/PSysThumbnail_NoImage.ubulk" 664
"../../../Engine/Content/EditorMaterials/ParticleSystems/PSysThumbnail_NoImage.uasset" 665
"../../../Engine/Content/EditorMaterials/ParticleSystems/PSysThumbnail_NoImage.uexp" 666
"../../../Engine/Content/EngineMaterials/LTC/Sheen_LTC.uasset" 667
"../../../Engine/Content/EngineMaterials/LTC/Sheen_LTC.uexp" 668
"../../../Engine/Content/EditorMaterials/ParticleSystems/PSysThumbnail_OOD.ubulk" 669
"../../../Engine/Content/EditorMaterials/ParticleSystems/PSysThumbnail_OOD.uasset" 670
"../../../Engine/Content/EditorMaterials/ParticleSystems/PSysThumbnail_OOD.uexp" 671
"../../../Engine/Content/EngineResources/Development/ZenLogo_64.uasset" 672
"../../../Engine/Content/EngineResources/Development/ZenLogo_64.uexp" 673
"../../../Engine/Content/EngineDebugMaterials/M_SimpleUnlitTranslucent.uasset" 674
"../../../Engine/Content/EngineDebugMaterials/M_SimpleUnlitTranslucent.uexp" 675
"../../../Engine/Content/EngineDebugMaterials/VolumeToRender.uasset" 676
"../../../Engine/Content/EngineDebugMaterials/VolumeToRender.uexp" 677
"../../../Engine/Content/EngineDebugMaterials/M_VolumeRenderSphereTracePP.uasset" 678
"../../../Engine/Content/EngineDebugMaterials/M_VolumeRenderSphereTracePP.uexp" 679
"../../../Engine/Content/EngineResources/FilmGrains/Marcie_Grain_v3_128_M2_000.uasset" 680
"../../../Engine/Content/EngineResources/FilmGrains/Marcie_Grain_v3_128_M2_000.uexp" 681
"../../../Engine/Content/EditorMaterials/Camera/CineMat.uasset" 682
"../../../Engine/Content/EditorMaterials/Camera/CineMat.uexp" 683
"../../../Engine/Content/EditorMaterials/Camera/MI_CineMat_Rig.uasset" 684
"../../../Engine/Content/EditorMaterials/Camera/MI_CineMat_Rig.uexp" 685
"../../../Engine/Content/EditorMeshes/Camera/SM_CraneRig_Arm.uasset" 686
"../../../Engine/Content/EditorMeshes/Camera/SM_CraneRig_Arm.uexp" 687
"../../../Engine/Content/EditorMeshes/Camera/SM_CraneRig_Base.uasset" 688
"../../../Engine/Content/EditorMeshes/Camera/SM_CraneRig_Base.uexp" 689
"../../../Engine/Content/EditorMeshes/Camera/SM_CraneRig_Body.uasset" 690
"../../../Engine/Content/EditorMeshes/Camera/SM_CraneRig_Body.uexp" 691
"../../../Engine/Content/EditorMeshes/Camera/SM_CraneRig_Mount.uasset" 692
"../../../Engine/Content/EditorMeshes/Camera/SM_CraneRig_Mount.uexp" 693
"../../../Engine/Content/EditorMeshes/Camera/SM_RailRig_Mount.uasset" 694
"../../../Engine/Content/EditorMeshes/Camera/SM_RailRig_Mount.uexp" 695
"../../../Engine/Content/EditorMeshes/Camera/SM_RailRig_Track.uasset" 696
"../../../Engine/Content/EditorMeshes/Camera/SM_RailRig_Track.uexp" 697
"../../../Engine/Content/EngineMaterials/DefaultBloomKernel.uasset" 698
"../../../Engine/Content/EngineMaterials/DefaultBloomKernel.uexp" 699
"../../../Engine/Content/EngineMaterials/DefaultBokeh.uasset" 700
"../../../Engine/Content/EngineMaterials/DefaultBokeh.uexp" 701
"../../../Engine/Content/EngineMaterials/Good64x64TilingNoiseHighFreq.uasset" 702
"../../../Engine/Content/EngineMaterials/Good64x64TilingNoiseHighFreq.uexp" 703
"../../../Engine/Content/Functions/Engine_MaterialFunctions02/Texturing/ScreenAlignedPixelToPixelUVs.uasset" 704
"../../../Engine/Content/Functions/Engine_MaterialFunctions02/Texturing/ScreenAlignedPixelToPixelUVs.uexp" 705
"../../../Engine/Plugins/Interchange/Assets/Content/Utilities/New_LUT.uasset" 706
"../../../Engine/Plugins/Interchange/Assets/Content/Utilities/New_LUT.uexp" 707
"../../../Engine/Content/Functions/Engine_MaterialFunctions03/Math/RemapValueRange.uasset" 708
"../../../Engine/Content/Functions/Engine_MaterialFunctions03/Math/RemapValueRange.uexp" 709
"../../../Engine/Plugins/Interchange/Assets/Content/Functions/MF_Iridescence.uasset" 710
"../../../Engine/Plugins/Interchange/Assets/Content/Functions/MF_Iridescence.uexp" 711
"../../../Engine/Plugins/Interchange/Assets/Content/gltf/MaterialFunctions/MF_Fresnel_DS.uasset" 712
"../../../Engine/Plugins/Interchange/Assets/Content/gltf/MaterialFunctions/MF_Fresnel_DS.uexp" 713
"../../../Engine/Plugins/Interchange/Assets/Content/gltf/MaterialFunctions/MF_Temporal_Blur.uasset" 714
"../../../Engine/Plugins/Interchange/Assets/Content/gltf/MaterialFunctions/MF_Temporal_Blur.uexp" 715
"../../../Engine/Plugins/Interchange/Assets/Content/gltf/Textures/T_White_srgb.uasset" 716
"../../../Engine/Plugins/Interchange/Assets/Content/gltf/Textures/T_White_srgb.uexp" 717
"../../../Engine/Plugins/Interchange/Assets/Content/gltf/MaterialFunctions/MF_BaseColor.uasset" 718
"../../../Engine/Plugins/Interchange/Assets/Content/gltf/MaterialFunctions/MF_BaseColor.uexp" 719
"../../../Engine/Plugins/Interchange/Assets/Content/gltf/MaterialFunctions/MF_IOR.uasset" 720
"../../../Engine/Plugins/Interchange/Assets/Content/gltf/MaterialFunctions/MF_IOR.uexp" 721
"../../../Engine/Plugins/Interchange/Assets/Content/gltf/MaterialFunctions/MF_Iridescence.uasset" 722
"../../../Engine/Plugins/Interchange/Assets/Content/gltf/MaterialFunctions/MF_Iridescence.uexp" 723
"../../../Engine/Plugins/Interchange/Assets/Content/gltf/Textures/T_White_Linear.uasset" 724
"../../../Engine/Plugins/Interchange/Assets/Content/gltf/Textures/T_White_Linear.uexp" 725
"../../../Engine/Plugins/Interchange/Assets/Content/gltf/MaterialFunctions/MF_MetallicRoughness.uasset" 726
"../../../Engine/Plugins/Interchange/Assets/Content/gltf/MaterialFunctions/MF_MetallicRoughness.uexp" 727
"../../../Engine/Plugins/Interchange/Assets/Content/gltf/MaterialFunctions/MF_RotateNormals_TS.uasset" 728
"../../../Engine/Plugins/Interchange/Assets/Content/gltf/MaterialFunctions/MF_RotateNormals_TS.uexp" 729
"../../../Engine/Plugins/Interchange/Assets/Content/gltf/MaterialFunctions/MF_ScaleNormal.uasset" 730
"../../../Engine/Plugins/Interchange/Assets/Content/gltf/MaterialFunctions/MF_ScaleNormal.uexp" 731
"../../../Engine/Plugins/Interchange/Assets/Content/gltf/Textures/T_Generic_N.uasset" 732
"../../../Engine/Plugins/Interchange/Assets/Content/gltf/Textures/T_Generic_N.uexp" 733
"../../../Engine/Plugins/Interchange/Assets/Content/gltf/MaterialFunctions/MF_Normals.uasset" 734
"../../../Engine/Plugins/Interchange/Assets/Content/gltf/MaterialFunctions/MF_Normals.uexp" 735
"../../../Engine/Plugins/Interchange/Assets/Content/gltf/MaterialFunctions/MF_Occlusion.uasset" 736
"../../../Engine/Plugins/Interchange/Assets/Content/gltf/MaterialFunctions/MF_Occlusion.uexp" 737
"../../../Engine/Plugins/Interchange/Assets/Content/gltf/MaterialFunctions/MF_RotateV2.uasset" 738
"../../../Engine/Plugins/Interchange/Assets/Content/gltf/MaterialFunctions/MF_RotateV2.uexp" 739
"../../../Engine/Plugins/Interchange/Assets/Content/gltf/MaterialFunctions/MF_Specular.uasset" 740
"../../../Engine/Plugins/Interchange/Assets/Content/gltf/MaterialFunctions/MF_Specular.uexp" 741
"../../../Engine/Plugins/Interchange/Assets/Content/gltf/Textures/T_Anisotropy_Direction_Linear.uasset" 742
"../../../Engine/Plugins/Interchange/Assets/Content/gltf/Textures/T_Anisotropy_Direction_Linear.uexp" 743
"../../../Engine/Plugins/Interchange/Assets/Content/gltf/MaterialFunctions/MF_SpecularAnisotropy.uasset" 744
"../../../Engine/Plugins/Interchange/Assets/Content/gltf/MaterialFunctions/MF_SpecularAnisotropy.uexp" 745
"../../../Engine/Plugins/Interchange/Assets/Content/gltf/MaterialFunctions/MF_TransformUVs.uasset" 746
"../../../Engine/Plugins/Interchange/Assets/Content/gltf/MaterialFunctions/MF_TransformUVs.uexp" 747
"../../../Engine/Plugins/Interchange/Assets/Content/gltf/MaterialFunctions/MF_Transmission.uasset" 748
"../../../Engine/Plugins/Interchange/Assets/Content/gltf/MaterialFunctions/MF_Transmission.uexp" 749
"../../../Engine/Plugins/Interchange/Assets/Content/gltf/MaterialBodies/MF_Transmission_Body.uasset" 750
"../../../Engine/Plugins/Interchange/Assets/Content/gltf/MaterialBodies/MF_Transmission_Body.uexp" 751
"../../../Engine/Plugins/Interchange/Assets/Content/gltf/M_Transmission.uasset" 752
"../../../Engine/Plugins/Interchange/Assets/Content/gltf/M_Transmission.uexp" 753
"../../../Engine/Plugins/Interchange/Assets/Content/gltf/MaterialInstances/MI_Transmission_DS.uasset" 754
"../../../Engine/Plugins/Interchange/Assets/Content/gltf/MaterialInstances/MI_Transmission_DS.uexp" 755
"../../../Engine/Plugins/Interchange/Assets/Content/gltf/MaterialBodies/MF_Unlit_Body.uasset" 756
"../../../Engine/Plugins/Interchange/Assets/Content/gltf/MaterialBodies/MF_Unlit_Body.uexp" 757
"../../../Engine/Plugins/Interchange/Assets/Content/gltf/M_Unlit.uasset" 758
"../../../Engine/Plugins/Interchange/Assets/Content/gltf/M_Unlit.uexp" 759
"../../../Engine/Plugins/Interchange/Assets/Content/gltf/MaterialInstances/MI_Unlit_Blend.uasset" 760
"../../../Engine/Plugins/Interchange/Assets/Content/gltf/MaterialInstances/MI_Unlit_Blend.uexp" 761
"../../../Engine/Plugins/Interchange/Assets/Content/gltf/MaterialInstances/MI_Unlit_Blend_DS.uasset" 762
"../../../Engine/Plugins/Interchange/Assets/Content/gltf/MaterialInstances/MI_Unlit_Blend_DS.uexp" 763
"../../../Engine/Plugins/Interchange/Assets/Content/gltf/MaterialInstances/MI_Unlit_Mask.uasset" 764
"../../../Engine/Plugins/Interchange/Assets/Content/gltf/MaterialInstances/MI_Unlit_Mask.uexp" 765
"../../../Engine/Plugins/Interchange/Assets/Content/gltf/MaterialInstances/MI_Unlit_Mask_DS.uasset" 766
"../../../Engine/Plugins/Interchange/Assets/Content/gltf/MaterialInstances/MI_Unlit_Mask_DS.uexp" 767
"../../../Engine/Plugins/Interchange/Assets/Content/gltf/MaterialInstances/MI_Unlit_Opaque.uasset" 768
"../../../Engine/Plugins/Interchange/Assets/Content/gltf/MaterialInstances/MI_Unlit_Opaque.uexp" 769
"../../../Engine/Plugins/Interchange/Assets/Content/gltf/MaterialInstances/MI_Unlit_Opaque_DS.uasset" 770
"../../../Engine/Plugins/Interchange/Assets/Content/gltf/MaterialInstances/MI_Unlit_Opaque_DS.uexp" 771
"../../../Engine/Plugins/2D/Paper2D/Content/DefaultSpriteMaterial.uasset" 772
"../../../Engine/Plugins/2D/Paper2D/Content/DefaultSpriteMaterial.uexp" 773
"../../../Engine/Plugins/2D/Paper2D/Content/MaskedUnlitSpriteMaterial.uasset" 774
"../../../Engine/Plugins/2D/Paper2D/Content/MaskedUnlitSpriteMaterial.uexp" 775
"../../../Engine/Plugins/2D/Paper2D/Content/OpaqueUnlitSpriteMaterial.uasset" 776
"../../../Engine/Plugins/2D/Paper2D/Content/OpaqueUnlitSpriteMaterial.uexp" 777
"../../../Engine/Plugins/Animation/ControlRig/Content/M_Manip.uasset" 778
"../../../Engine/Plugins/Animation/ControlRig/Content/M_Manip.uexp" 779
"../../../Engine/Content/ArtTools/RenderToTexture/Meshes/S_1_Unit_Plane.uasset" 780
"../../../Engine/Content/ArtTools/RenderToTexture/Meshes/S_1_Unit_Plane.uexp" 781
"../../../Engine/Content/Functions/Engine_MaterialFunctions01/Texturing/FlattenNormal.uasset" 782
"../../../Engine/Content/Functions/Engine_MaterialFunctions01/Texturing/FlattenNormal.uexp" 783
"../../../Engine/Plugins/Interchange/Assets/Content/gltf/MaterialFunctions/MF_Clearcoat.uasset" 784
"../../../Engine/Plugins/Interchange/Assets/Content/gltf/MaterialFunctions/MF_Clearcoat.uexp" 785
"../../../Engine/Plugins/Interchange/Assets/Content/gltf/MaterialFunctions/MF_Emissive.uasset" 786
"../../../Engine/Plugins/Interchange/Assets/Content/gltf/MaterialFunctions/MF_Emissive.uexp" 787
"../../../Engine/Plugins/Interchange/Assets/Content/gltf/MaterialBodies/MF_ClearCoat_Body.uasset" 788
"../../../Engine/Plugins/Interchange/Assets/Content/gltf/MaterialBodies/MF_ClearCoat_Body.uexp" 789
"../../../Engine/Plugins/Interchange/Assets/Content/gltf/M_ClearCoat.uasset" 790
"../../../Engine/Plugins/Interchange/Assets/Content/gltf/M_ClearCoat.uexp" 791
"../../../Engine/Plugins/Interchange/Assets/Content/gltf/MaterialInstances/MI_ClearCoat_Blend.uasset" 792
"../../../Engine/Plugins/Interchange/Assets/Content/gltf/MaterialInstances/MI_ClearCoat_Blend.uexp" 793
"../../../Engine/Plugins/Interchange/Assets/Content/gltf/MaterialInstances/MI_ClearCoat_Blend_DS.uasset" 794
"../../../Engine/Plugins/Interchange/Assets/Content/gltf/MaterialInstances/MI_ClearCoat_Blend_DS.uexp" 795
"../../../Engine/Plugins/Interchange/Assets/Content/gltf/MaterialInstances/MI_ClearCoat_Mask.uasset" 796
"../../../Engine/Plugins/Interchange/Assets/Content/gltf/MaterialInstances/MI_ClearCoat_Mask.uexp" 797
"../../../Engine/Plugins/Interchange/Assets/Content/gltf/MaterialInstances/MI_ClearCoat_Mask_DS.uasset" 798
"../../../Engine/Plugins/Interchange/Assets/Content/gltf/MaterialInstances/MI_ClearCoat_Mask_DS.uexp" 799
"../../../Engine/Plugins/Interchange/Assets/Content/gltf/MaterialInstances/MI_ClearCoat_Opaque.uasset" 800
"../../../Engine/Plugins/Interchange/Assets/Content/gltf/MaterialInstances/MI_ClearCoat_Opaque.uexp" 801
"../../../Engine/Plugins/Interchange/Assets/Content/gltf/MaterialInstances/MI_ClearCoat_Opaque_DS.uasset" 802
"../../../Engine/Plugins/Interchange/Assets/Content/gltf/MaterialInstances/MI_ClearCoat_Opaque_DS.uexp" 803
"../../../Engine/Plugins/Interchange/Assets/Content/gltf/MaterialBodies/MF_Default_Body.uasset" 804
"../../../Engine/Plugins/Interchange/Assets/Content/gltf/MaterialBodies/MF_Default_Body.uexp" 805
"../../../Engine/Plugins/Interchange/Assets/Content/gltf/M_Default.uasset" 806
"../../../Engine/Plugins/Interchange/Assets/Content/gltf/M_Default.uexp" 807
"../../../Engine/Plugins/Interchange/Assets/Content/gltf/MaterialInstances/MI_Default_Blend.uasset" 808
"../../../Engine/Plugins/Interchange/Assets/Content/gltf/MaterialInstances/MI_Default_Blend.uexp" 809
"../../../Engine/Plugins/Interchange/Assets/Content/gltf/MaterialInstances/MI_Default_Blend_DS.uasset" 810
"../../../Engine/Plugins/Interchange/Assets/Content/gltf/MaterialInstances/MI_Default_Blend_DS.uexp" 811
"../../../Engine/Plugins/Interchange/Assets/Content/gltf/MaterialInstances/MI_Default_Mask.uasset" 812
"../../../Engine/Plugins/Interchange/Assets/Content/gltf/MaterialInstances/MI_Default_Mask.uexp" 813
"../../../Engine/Plugins/Interchange/Assets/Content/gltf/MaterialInstances/MI_Default_Mask_DS.uasset" 814
"../../../Engine/Plugins/Interchange/Assets/Content/gltf/MaterialInstances/MI_Default_Mask_DS.uexp" 815
"../../../Engine/Plugins/Interchange/Assets/Content/gltf/MaterialInstances/MI_Default_Opaque.uasset" 816
"../../../Engine/Plugins/Interchange/Assets/Content/gltf/MaterialInstances/MI_Default_Opaque.uexp" 817
"../../../Engine/Content/EngineMaterials/Substrate/GLints/AGlintTex2dArray.uasset" 818
"../../../Engine/Content/EngineMaterials/Substrate/GLints/AGlintTex2dArray.uexp" 819
"../../../Engine/Plugins/Interchange/Assets/Content/gltf/MaterialInstances/MI_Default_Opaque_DS.uasset" 820
"../../../Engine/Plugins/Interchange/Assets/Content/gltf/MaterialInstances/MI_Default_Opaque_DS.uexp" 821
"../../../Engine/Plugins/Interchange/Assets/Content/gltf/MaterialFunctions/MF_Sheen.uasset" 822
"../../../Engine/Plugins/Interchange/Assets/Content/gltf/MaterialFunctions/MF_Sheen.uexp" 823
"../../../Engine/Plugins/Interchange/Assets/Content/gltf/MaterialBodies/MF_Sheen_Body.uasset" 824
"../../../Engine/Plugins/Interchange/Assets/Content/gltf/MaterialBodies/MF_Sheen_Body.uexp" 825
"../../../Engine/Plugins/Interchange/Assets/Content/gltf/M_Sheen.uasset" 826
"../../../Engine/Plugins/Interchange/Assets/Content/gltf/M_Sheen.uexp" 827
"../../../Engine/Plugins/Interchange/Assets/Content/gltf/MaterialInstances/MI_Sheen_Blend.uasset" 828
"../../../Engine/Plugins/Interchange/Assets/Content/gltf/MaterialInstances/MI_Sheen_Blend.uexp" 829
"../../../Engine/Plugins/Interchange/Assets/Content/gltf/MaterialInstances/MI_Sheen_Blend_DS.uasset" 830
"../../../Engine/Plugins/Interchange/Assets/Content/gltf/MaterialInstances/MI_Sheen_Blend_DS.uexp" 831
"../../../Engine/Plugins/Interchange/Assets/Content/gltf/MaterialInstances/MI_Sheen_Mask.uasset" 832
"../../../Engine/Plugins/Interchange/Assets/Content/gltf/MaterialInstances/MI_Sheen_Mask.uexp" 833
"../../../Engine/Plugins/Interchange/Assets/Content/gltf/MaterialInstances/MI_Sheen_Mask_DS.uasset" 834
"../../../Engine/Plugins/Interchange/Assets/Content/gltf/MaterialInstances/MI_Sheen_Mask_DS.uexp" 835
"../../../Engine/Plugins/Interchange/Assets/Content/gltf/MaterialInstances/MI_Sheen_Opaque.uasset" 836
"../../../Engine/Plugins/Interchange/Assets/Content/gltf/MaterialInstances/MI_Sheen_Opaque.uexp" 837
"../../../Engine/Plugins/Interchange/Assets/Content/gltf/MaterialInstances/MI_Sheen_Opaque_DS.uasset" 838
"../../../Engine/Plugins/Interchange/Assets/Content/gltf/MaterialInstances/MI_Sheen_Opaque_DS.uexp" 839
"../../../Engine/Plugins/Interchange/Assets/Content/gltf/MaterialFunctions/MF_DiffuseSpecGloss.uasset" 840
"../../../Engine/Plugins/Interchange/Assets/Content/gltf/MaterialFunctions/MF_DiffuseSpecGloss.uexp" 841
"../../../Engine/Plugins/Interchange/Assets/Content/gltf/MaterialFunctions/MF_MaxComponentValue.uasset" 842
"../../../Engine/Plugins/Interchange/Assets/Content/gltf/MaterialFunctions/MF_MaxComponentValue.uexp" 843
"../../../Engine/Content/Functions/Engine_MaterialFunctions02/Math/AddComponents.uasset" 844
"../../../Engine/Content/Functions/Engine_MaterialFunctions02/Math/AddComponents.uexp" 845
"../../../Engine/Plugins/Interchange/Assets/Content/gltf/MaterialFunctions/MF_PerceivedBrightness.uasset" 846
"../../../Engine/Plugins/Interchange/Assets/Content/gltf/MaterialFunctions/MF_PerceivedBrightness.uexp" 847
"../../../Engine/Plugins/Interchange/Assets/Content/gltf/MaterialFunctions/MF_SpecGlossToMetalRoughness.uasset" 848
"../../../Engine/Plugins/Interchange/Assets/Content/gltf/MaterialFunctions/MF_SpecGlossToMetalRoughness.uexp" 849
"../../../Engine/Plugins/Interchange/Assets/Content/gltf/MaterialBodies/MF_SpecularGlossiness_Body.uasset" 850
"../../../Engine/Plugins/Interchange/Assets/Content/gltf/MaterialBodies/MF_SpecularGlossiness_Body.uexp" 851
"../../../Engine/Plugins/Interchange/Assets/Content/gltf/M_SpecularGlossiness.uasset" 852
"../../../Engine/Plugins/Interchange/Assets/Content/gltf/M_SpecularGlossiness.uexp" 853
"../../../Engine/Plugins/Interchange/Assets/Content/gltf/MaterialInstances/MI_SpecularGlossiness_Blend.uasset" 854
"../../../Engine/Plugins/Interchange/Assets/Content/gltf/MaterialInstances/MI_SpecularGlossiness_Blend.uexp" 855
"../../../Engine/Plugins/Interchange/Assets/Content/gltf/MaterialInstances/MI_SpecularGlossiness_Blend_DS.uasset" 856
"../../../Engine/Plugins/Interchange/Assets/Content/gltf/MaterialInstances/MI_SpecularGlossiness_Blend_DS.uexp" 857
"../../../Engine/Plugins/Interchange/Assets/Content/gltf/MaterialInstances/MI_SpecularGlossiness_Mask.uasset" 858
"../../../Engine/Plugins/Interchange/Assets/Content/gltf/MaterialInstances/MI_SpecularGlossiness_Mask.uexp" 859
"../../../Engine/Plugins/Interchange/Assets/Content/gltf/MaterialInstances/MI_SpecularGlossiness_Mask_DS.uasset" 860
"../../../Engine/Plugins/Interchange/Assets/Content/gltf/MaterialInstances/MI_SpecularGlossiness_Mask_DS.uexp" 861
"../../../Engine/Plugins/Interchange/Assets/Content/gltf/MaterialInstances/MI_SpecularGlossiness_Opaque.uasset" 862
"../../../Engine/Plugins/Interchange/Assets/Content/gltf/MaterialInstances/MI_SpecularGlossiness_Opaque.uexp" 863
"../../../Engine/Plugins/Interchange/Assets/Content/gltf/MaterialInstances/MI_SpecularGlossiness_Opaque_DS.uasset" 864
"../../../Engine/Plugins/Interchange/Assets/Content/gltf/MaterialInstances/MI_SpecularGlossiness_Opaque_DS.uexp" 865
"../../../Engine/Plugins/Interchange/Assets/Content/gltf/MaterialInstances/MI_Transmission.uasset" 866
"../../../Engine/Plugins/Interchange/Assets/Content/gltf/MaterialInstances/MI_Transmission.uexp" 867
"../../../Engine/Content/EngineMaterials/Substrate/Glints2/AGlintTex2dArray2.uasset" 868
"../../../Engine/Content/EngineMaterials/Substrate/Glints2/AGlintTex2dArray2.uexp" 869
"../../../Engine/Content/Functions/Engine_MaterialFunctions01/Shading/ConvertFromDiffSpec.uasset" 870
"../../../Engine/Content/Functions/Engine_MaterialFunctions01/Shading/ConvertFromDiffSpec.uexp" 871
"../../../Engine/Content/EngineMaterials/Substrate/Volume/SubstrateSimpleVolumeEnvLUT3D.uasset" 872
"../../../Engine/Content/EngineMaterials/Substrate/Volume/SubstrateSimpleVolumeEnvLUT3D.uexp" 873
"../../../Engine/Content/EngineMaterials/Substrate/Volume/SubstrateSimpleVolumeLUT3D.uasset" 874
"../../../Engine/Content/EngineMaterials/Substrate/Volume/SubstrateSimpleVolumeLUT3D.uexp" 875
"../../../Engine/Content/Functions/Engine_MaterialFunctions01/Shading/PowerToRoughness.uasset" 876
"../../../Engine/Content/Functions/Engine_MaterialFunctions01/Shading/PowerToRoughness.uexp" 877
"../../../Engine/Content/BasicShapes/Sphere.uasset" 878
"../../../Engine/Content/BasicShapes/Sphere.uexp" 879
"../../../Engine/Content/Functions/Engine_MaterialFunctions02/Utility/DitherTemporalAA.uasset" 880
"../../../Engine/Content/Functions/Engine_MaterialFunctions02/Utility/DitherTemporalAA.uexp" 881
"C:/Users/Kiah/Documents/Unreal Projects/Nebula/Content/Assets/Materials/M_FogOfWar.uasset" 882
"C:/Users/Kiah/Documents/Unreal Projects/Nebula/Content/Assets/Materials/M_FogOfWar.uexp" 883
"C:/Users/Kiah/Documents/Unreal Projects/Nebula/Content/Assets/UI/mining_ui.uasset" 884
"C:/Users/Kiah/Documents/Unreal Projects/Nebula/Content/Assets/UI/mining_ui.uexp" 885
"C:/Users/Kiah/Documents/Unreal Projects/Nebula/Content/Blueprints/UI/WBP_Asteroid.uasset" 886
"C:/Users/Kiah/Documents/Unreal Projects/Nebula/Content/Blueprints/UI/WBP_Asteroid.uexp" 887
"C:/Users/Kiah/Documents/Unreal Projects/Nebula/Content/DataAssets/CargoItems/Iron.uasset" 888
"C:/Users/Kiah/Documents/Unreal Projects/Nebula/Content/DataAssets/CargoItems/Iron.uexp" 889
"C:/Users/Kiah/Documents/Unreal Projects/Nebula/Content/Blueprints/Objects/Asteroids/BP_Asteroid1.uasset" 890
"C:/Users/Kiah/Documents/Unreal Projects/Nebula/Content/Blueprints/Objects/Asteroids/BP_Asteroid1.uexp" 891
"C:/Users/Kiah/Documents/Unreal Projects/Nebula/Content/Blueprints/BP_MapManager.uasset" 892
"C:/Users/Kiah/Documents/Unreal Projects/Nebula/Content/Blueprints/BP_MapManager.uexp" 893
"C:/Users/Kiah/Documents/Unreal Projects/Nebula/Content/Blueprints/BP_NebulaGameInstance.uasset" 894
"C:/Users/Kiah/Documents/Unreal Projects/Nebula/Content/Blueprints/BP_NebulaGameInstance.uexp" 895
"C:/Users/Kiah/Documents/Unreal Projects/Nebula/Content/DataAssets/CargoItems/Result.uasset" 896
"C:/Users/Kiah/Documents/Unreal Projects/Nebula/Content/DataAssets/CargoItems/Result.uexp" 897
"C:/Users/Kiah/Documents/Unreal Projects/Nebula/Content/DataAssets/Dialogue/DialogueTest.uasset" 898
"C:/Users/Kiah/Documents/Unreal Projects/Nebula/Content/DataAssets/Dialogue/DialogueTest.uexp" 899
"C:/Users/Kiah/Documents/Unreal Projects/Nebula/Content/DataAssets/Recipes/Recipe1.uasset" 900
"C:/Users/Kiah/Documents/Unreal Projects/Nebula/Content/DataAssets/Recipes/Recipe1.uexp" 901
"C:/Users/Kiah/Documents/Unreal Projects/Nebula/Content/DataAssets/Recipes/RefineryRecipe.uasset" 902
"C:/Users/Kiah/Documents/Unreal Projects/Nebula/Content/DataAssets/Recipes/RefineryRecipe.uexp" 903
"C:/Users/Kiah/Documents/Unreal Projects/Nebula/Content/DataAssets/StartingScenarios/Scenario_1.uasset" 904
"C:/Users/Kiah/Documents/Unreal Projects/Nebula/Content/DataAssets/StartingScenarios/Scenario_1.uexp" 905
"C:/Users/Kiah/Documents/Unreal Projects/Nebula/Content/Input/InputActions/IA_Alt.uasset" 906
"C:/Users/Kiah/Documents/Unreal Projects/Nebula/Content/Input/InputActions/IA_Alt.uexp" 907
"C:/Users/Kiah/Documents/Unreal Projects/Nebula/Content/Input/InputActions/IA_Construction.uasset" 908
"C:/Users/Kiah/Documents/Unreal Projects/Nebula/Content/Input/InputActions/IA_Construction.uexp" 909
"C:/Users/Kiah/Documents/Unreal Projects/Nebula/Content/Input/InputActions/IA_Inventory.uasset" 910
"C:/Users/Kiah/Documents/Unreal Projects/Nebula/Content/Input/InputActions/IA_Inventory.uexp" 911
"C:/Users/Kiah/Documents/Unreal Projects/Nebula/Content/Input/InputActions/IA_Tab.uasset" 912
"C:/Users/Kiah/Documents/Unreal Projects/Nebula/Content/Input/InputActions/IA_Tab.uexp" 913
"C:/Users/Kiah/Documents/Unreal Projects/Nebula/Content/Input/InputActions/IA_Zoom.uasset" 914
"C:/Users/Kiah/Documents/Unreal Projects/Nebula/Content/Input/InputActions/IA_Zoom.uexp" 915
"C:/Users/Kiah/Documents/Unreal Projects/Nebula/Content/Input/InputActions/MouseEvents/IA_Interact.uasset" 916
"C:/Users/Kiah/Documents/Unreal Projects/Nebula/Content/Input/InputActions/MouseEvents/IA_Interact.uexp" 917
"C:/Users/Kiah/Documents/Unreal Projects/Nebula/Content/Input/InputActions/MouseEvents/IA_Orbit.uasset" 918
"C:/Users/Kiah/Documents/Unreal Projects/Nebula/Content/Input/InputActions/MouseEvents/IA_Orbit.uexp" 919
"C:/Users/Kiah/Documents/Unreal Projects/Nebula/Content/Input/InputActions/IA_Pause.uasset" 920
"C:/Users/Kiah/Documents/Unreal Projects/Nebula/Content/Input/InputActions/IA_Pause.uexp" 921
"C:/Users/Kiah/Documents/Unreal Projects/Nebula/Content/Input/InputActions/IA_Space.uasset" 922
"C:/Users/Kiah/Documents/Unreal Projects/Nebula/Content/Input/InputActions/IA_Space.uexp" 923
"C:/Users/Kiah/Documents/Unreal Projects/Nebula/Content/Input/InputActions/IA_OrbitStart.uasset" 924
"C:/Users/Kiah/Documents/Unreal Projects/Nebula/Content/Input/InputActions/IA_OrbitStart.uexp" 925
"C:/Users/Kiah/Documents/Unreal Projects/Nebula/Content/Input/IMC_Main.uasset" 926
"C:/Users/Kiah/Documents/Unreal Projects/Nebula/Content/Input/IMC_Main.uexp" 927
"../../../Engine/Content/EngineMeshes/Cube.uasset" 928
"../../../Engine/Content/EngineMeshes/Cube.uexp" 929
"C:/Users/Kiah/Documents/Unreal Projects/Nebula/Content/Blueprints/UI/Starbase/WBP_Orbiting.uasset" 930
"C:/Users/Kiah/Documents/Unreal Projects/Nebula/Content/Blueprints/UI/Starbase/WBP_Orbiting.uexp" 931
"C:/Users/Kiah/Documents/Unreal Projects/Nebula/Content/Blueprints/UI/Starbase/WBP_Starbase.uasset" 932
"C:/Users/Kiah/Documents/Unreal Projects/Nebula/Content/Blueprints/UI/Starbase/WBP_Starbase.uexp" 933
"C:/Users/Kiah/Documents/Unreal Projects/Nebula/Content/Blueprints/Objects/Starbase/BP_Starbase.uasset" 934
"C:/Users/Kiah/Documents/Unreal Projects/Nebula/Content/Blueprints/Objects/Starbase/BP_Starbase.uexp" 935
"C:/Users/Kiah/Documents/Unreal Projects/Nebula/Content/Input/InputActions/IA_Locking.uasset" 936
"C:/Users/Kiah/Documents/Unreal Projects/Nebula/Content/Input/InputActions/IA_Locking.uexp" 937
"C:/Users/Kiah/Documents/Unreal Projects/Nebula/Content/Blueprints/UI/WBP_Settings.uasset" 938
"C:/Users/Kiah/Documents/Unreal Projects/Nebula/Content/Blueprints/UI/WBP_Settings.uexp" 939
"C:/Users/Kiah/Documents/Unreal Projects/Nebula/Content/Blueprints/UI/WBP_PauseMenu.uasset" 940
"C:/Users/Kiah/Documents/Unreal Projects/Nebula/Content/Blueprints/UI/WBP_PauseMenu.uexp" 941
"C:/Users/Kiah/Documents/Unreal Projects/Nebula/Content/Blueprints/UI/TabMenu/ContractTab/WBP_Contract.uasset" 942
"C:/Users/Kiah/Documents/Unreal Projects/Nebula/Content/Blueprints/UI/TabMenu/ContractTab/WBP_Contract.uexp" 943
"C:/Users/Kiah/Documents/Unreal Projects/Nebula/Content/Blueprints/UI/TabMenu/FleetTab/WBP_FleetObject.uasset" 944
"C:/Users/Kiah/Documents/Unreal Projects/Nebula/Content/Blueprints/UI/TabMenu/FleetTab/WBP_FleetObject.uexp" 945
"C:/Users/Kiah/Documents/Unreal Projects/Nebula/Content/Blueprints/UI/TabMenu/FleetTab/WBP_Fleet.uasset" 946
"C:/Users/Kiah/Documents/Unreal Projects/Nebula/Content/Blueprints/UI/TabMenu/FleetTab/WBP_Fleet.uexp" 947
"C:/Users/Kiah/Documents/Unreal Projects/Nebula/Content/Blueprints/UI/TabMenu/WBP_TabMenu.uasset" 948
"C:/Users/Kiah/Documents/Unreal Projects/Nebula/Content/Blueprints/UI/TabMenu/WBP_TabMenu.uexp" 949
"C:/Users/Kiah/Documents/Unreal Projects/Nebula/Content/Blueprints/BP_NebulaPlayerController.uasset" 950
"C:/Users/Kiah/Documents/Unreal Projects/Nebula/Content/Blueprints/BP_NebulaPlayerController.uexp" 951
"../../../Engine/Plugins/FX/Niagara/Content/DefaultAssets/DefaultSpriteMaterial.uasset" 952
"../../../Engine/Plugins/FX/Niagara/Content/DefaultAssets/DefaultSpriteMaterial.uexp" 953
"C:/Users/Kiah/Documents/Unreal Projects/Nebula/Content/Assets/Effects/NS_Trail.uasset" 954
"C:/Users/Kiah/Documents/Unreal Projects/Nebula/Content/Assets/Effects/NS_Trail.uexp" 955
"C:/Users/Kiah/Documents/Unreal Projects/Nebula/Content/Blueprints/Objects/Fleets/BP_PlayerFleet.uasset" 956
"C:/Users/Kiah/Documents/Unreal Projects/Nebula/Content/Blueprints/Objects/Fleets/BP_PlayerFleet.uexp" 957
"C:/Users/Kiah/Documents/Unreal Projects/Nebula/Content/Blueprints/BP_FleetGameMode.uasset" 958
"C:/Users/Kiah/Documents/Unreal Projects/Nebula/Content/Blueprints/BP_FleetGameMode.uexp" 959
"../../../Engine/Content/EngineResources/DefaultTextureCube.uasset" 960
"../../../Engine/Content/EngineResources/DefaultTextureCube.uexp" 961
"../../../Engine/Content/Functions/Engine_MaterialFunctions02/WorldPositionOffset/ObjectPivotPoint.uasset" 962
"../../../Engine/Content/Functions/Engine_MaterialFunctions02/WorldPositionOffset/ObjectPivotPoint.uexp" 963
"../../../Engine/Plugins/Runtime/HDRIBackdrop/Content/Materials/HDRI_Attributes.uasset" 964
"../../../Engine/Plugins/Runtime/HDRIBackdrop/Content/Materials/HDRI_Attributes.uexp" 965
"../../../Engine/Plugins/Runtime/HDRIBackdrop/Content/Materials/HDRI_Projection_Floor.uasset" 966
"../../../Engine/Plugins/Runtime/HDRIBackdrop/Content/Materials/HDRI_Projection_Floor.uexp" 967
"../../../Engine/Plugins/Runtime/HDRIBackdrop/Content/Materials/MI_HDRI_Floor.uasset" 968
"../../../Engine/Plugins/Runtime/HDRIBackdrop/Content/Materials/MI_HDRI_Floor.uexp" 969
"../../../Engine/Plugins/Runtime/HDRIBackdrop/Content/Materials/HDRI_Projection_Sky.uasset" 970
"../../../Engine/Plugins/Runtime/HDRIBackdrop/Content/Materials/HDRI_Projection_Sky.uexp" 971
"../../../Engine/Plugins/Runtime/HDRIBackdrop/Content/Materials/MI_HDRI_Sky.uasset" 972
"../../../Engine/Plugins/Runtime/HDRIBackdrop/Content/Materials/MI_HDRI_Sky.uexp" 973
"../../../Engine/Plugins/Runtime/HDRIBackdrop/Content/Meshes/EnviroDome.uasset" 974
"../../../Engine/Plugins/Runtime/HDRIBackdrop/Content/Meshes/EnviroDome.uexp" 975
"../../../Engine/Plugins/Runtime/HDRIBackdrop/Content/Textures/approaching_storm_4k.uasset" 976
"../../../Engine/Plugins/Runtime/HDRIBackdrop/Content/Textures/approaching_storm_4k.uexp" 977
"../../../Engine/Plugins/Runtime/HDRIBackdrop/Content/Blueprints/HDRIBackdrop.uasset" 978
"../../../Engine/Plugins/Runtime/HDRIBackdrop/Content/Blueprints/HDRIBackdrop.uexp" 979
"../../../Engine/Content/MapTemplates/T_UDK_Sky_CloudMask03.ubulk" 980
"../../../Engine/Content/MapTemplates/T_UDK_Sky_CloudMask03.uasset" 981
"../../../Engine/Content/MapTemplates/T_UDK_Sky_CloudMask03.uexp" 982
"../../../Engine/Content/MapTemplates/Sky/T_Sky_Stars.ubulk" 983
"../../../Engine/Content/MapTemplates/Sky/T_Sky_Stars.uasset" 984
"../../../Engine/Content/MapTemplates/Sky/T_Sky_Stars.uexp" 985
"../../../Engine/Content/MapTemplates/Sky/T_UDK_Sky_CloudMask01_N.ubulk" 986
"../../../Engine/Content/MapTemplates/Sky/T_UDK_Sky_CloudMask01_N.uasset" 987
"../../../Engine/Content/MapTemplates/Sky/T_UDK_Sky_CloudMask01_N.uexp" 988
"../../../Engine/Content/MapTemplates/Sky/M_Procedural_Sky_MASTER02.uasset" 989
"../../../Engine/Content/MapTemplates/Sky/M_Procedural_Sky_MASTER02.uexp" 990
"../../../Engine/Content/MapTemplates/Sky/SM_SkySphere.uasset" 991
"../../../Engine/Content/MapTemplates/Sky/SM_SkySphere.uexp" 992
"../../../Engine/Content/BasicShapes/BasicShapeMaterial.uasset" 993
"../../../Engine/Content/BasicShapes/BasicShapeMaterial.uexp" 994
"C:/Users/Kiah/Documents/Unreal Projects/Nebula/Content/Blueprints/Objects/GasPocket/BP_GasPocket.uasset" 995
"C:/Users/Kiah/Documents/Unreal Projects/Nebula/Content/Blueprints/Objects/GasPocket/BP_GasPocket.uexp" 996
"../../../Engine/Content/EngineMeshes/Sphere.uasset" 997
"../../../Engine/Content/EngineMeshes/Sphere.uexp" 998
"C:/Users/Kiah/Documents/Unreal Projects/Nebula/Content/Blueprints/Objects/Planets/BP_Planet.uasset" 999
"C:/Users/Kiah/Documents/Unreal Projects/Nebula/Content/Blueprints/Objects/Planets/BP_Planet.uexp" 1000
"../../../Engine/Content/BasicShapes/Cube.uasset" 1001
"../../../Engine/Content/BasicShapes/Cube.uexp" 1002
"C:/Users/Kiah/Documents/Unreal Projects/Nebula/Content/Blueprints/Objects/Relays/BP_Relay.uasset" 1003
"C:/Users/Kiah/Documents/Unreal Projects/Nebula/Content/Blueprints/Objects/Relays/BP_Relay.uexp" 1004
"../../../Engine/Content/BasicShapes/Cone.uasset" 1005
"../../../Engine/Content/BasicShapes/Cone.uexp" 1006
"C:/Users/Kiah/Documents/Unreal Projects/Nebula/Content/Blueprints/UI/WBP_Superweapon.uasset" 1007
"C:/Users/Kiah/Documents/Unreal Projects/Nebula/Content/Blueprints/UI/WBP_Superweapon.uexp" 1008
"C:/Users/Kiah/Documents/Unreal Projects/Nebula/Content/Blueprints/Objects/Superweapons/BP_Superweapon.uasset" 1009
"C:/Users/Kiah/Documents/Unreal Projects/Nebula/Content/Blueprints/Objects/Superweapons/BP_Superweapon.uexp" 1010
"C:/Users/Kiah/Documents/Unreal Projects/Nebula/Content/Blueprints/Objects/BP_ClickFloor.uasset" 1011
"C:/Users/Kiah/Documents/Unreal Projects/Nebula/Content/Blueprints/Objects/BP_ClickFloor.uexp" 1012
"C:/Users/Kiah/Documents/Unreal Projects/Nebula/Content/Blueprints/Objects/Asteroids/BP_AsteroidGenerator.uasset" 1013
"C:/Users/Kiah/Documents/Unreal Projects/Nebula/Content/Blueprints/Objects/Asteroids/BP_AsteroidGenerator.uexp" 1014
"C:/Users/Kiah/Documents/Unreal Projects/Nebula/Content/Blueprints/Objects/Systems/BP_StarSystem.uasset" 1015
"C:/Users/Kiah/Documents/Unreal Projects/Nebula/Content/Blueprints/Objects/Systems/BP_StarSystem.uexp" 1016
"C:/Users/Kiah/Documents/Unreal Projects/Nebula/Content/Blueprints/Objects/Camera/BP_CameraRig.uasset" 1017
"C:/Users/Kiah/Documents/Unreal Projects/Nebula/Content/Blueprints/Objects/Camera/BP_CameraRig.uexp" 1018
"C:/Users/Kiah/Documents/Unreal Projects/Nebula/Content/Blueprints/UI/MainMenu/WBP_MainMenu.uasset" 1019
"C:/Users/Kiah/Documents/Unreal Projects/Nebula/Content/Blueprints/UI/MainMenu/WBP_MainMenu.uexp" 1020
"C:/Users/Kiah/Documents/Unreal Projects/Nebula/Content/HDRI_8k_Starfields/Textures/HDRI/HDR_Starfield_Cinematic_V2_Sparse_8K.uasset" 1021
"C:/Users/Kiah/Documents/Unreal Projects/Nebula/Content/HDRI_8k_Starfields/Textures/HDRI/HDR_Starfield_Cinematic_V2_Sparse_8K.uexp" 1022
"C:/Users/Kiah/Documents/Unreal Projects/Nebula/Content/Assets/Materials/Sun.uasset" 1023
"C:/Users/Kiah/Documents/Unreal Projects/Nebula/Content/Assets/Materials/Sun.uexp" 1024
"C:/Users/Kiah/Documents/Unreal Projects/Nebula/Content/Assets/Materials/MI_YellowSun.uasset" 1025
"C:/Users/Kiah/Documents/Unreal Projects/Nebula/Content/Assets/Materials/MI_YellowSun.uexp" 1026
"C:/Users/Kiah/Documents/Unreal Projects/Nebula/Content/Levels/MainMenu.uexp" 1027
"C:/Users/Kiah/Documents/Unreal Projects/Nebula/Content/Levels/MainMenu.umap" 1028
"../../../Engine/Content/Functions/Engine_MaterialFunctions02/SampleSceneDepth.uasset" 1029
"../../../Engine/Content/Functions/Engine_MaterialFunctions02/SampleSceneDepth.uexp" 1030
"../../../Engine/Content/Functions/Engine_MaterialFunctions01/ImageAdjustment/BlurSampleOffsets.uasset" 1031
"../../../Engine/Content/Functions/Engine_MaterialFunctions01/ImageAdjustment/BlurSampleOffsets.uexp" 1032
"C:/Users/Kiah/Documents/Unreal Projects/Nebula/Content/Assets/Materials/M_StencilOutline.uasset" 1033
"C:/Users/Kiah/Documents/Unreal Projects/Nebula/Content/Assets/Materials/M_StencilOutline.uexp" 1034
"C:/Users/Kiah/Documents/Unreal Projects/Nebula/Content/Assets/Materials/MI_StencilOutline.uasset" 1035
"C:/Users/Kiah/Documents/Unreal Projects/Nebula/Content/Assets/Materials/MI_StencilOutline.uexp" 1036
"C:/Users/Kiah/Documents/Unreal Projects/Nebula/Content/Assets/Materials/MI_WhiteDwarf.uasset" 1037
"C:/Users/Kiah/Documents/Unreal Projects/Nebula/Content/Assets/Materials/MI_WhiteDwarf.uexp" 1038
"C:/Users/Kiah/Documents/Unreal Projects/Nebula/Content/Assets/Sounds/OminousAudio.ubulk" 1039
"C:/Users/Kiah/Documents/Unreal Projects/Nebula/Content/Assets/Sounds/OminousAudio.uasset" 1040
"C:/Users/Kiah/Documents/Unreal Projects/Nebula/Content/Assets/Sounds/OminousAudio.uexp" 1041
"C:/Users/Kiah/Documents/Unreal Projects/Nebula/Content/Blueprints/UI/Dialogue/WBP_DialogueOption.uasset" 1042
"C:/Users/Kiah/Documents/Unreal Projects/Nebula/Content/Blueprints/UI/Dialogue/WBP_DialogueOption.uexp" 1043
"C:/Users/Kiah/Documents/Unreal Projects/Nebula/Content/Blueprints/UI/Dialogue/WBP_Dialogue.uasset" 1044
"C:/Users/Kiah/Documents/Unreal Projects/Nebula/Content/Blueprints/UI/Dialogue/WBP_Dialogue.uexp" 1045
"C:/Users/Kiah/Documents/Unreal Projects/Nebula/Content/Blueprints/UI/WBP_Game.uasset" 1046
"C:/Users/Kiah/Documents/Unreal Projects/Nebula/Content/Blueprints/UI/WBP_Game.uexp" 1047
"C:/Users/Kiah/Documents/Unreal Projects/Nebula/Content/AI/Fleet/BB_Fleet.uasset" 1048
"C:/Users/Kiah/Documents/Unreal Projects/Nebula/Content/AI/Fleet/BB_Fleet.uexp" 1049
"C:/Users/Kiah/Documents/Unreal Projects/Nebula/Content/AI/Fleet/BTD_CheckAsteroid.uasset" 1050
"C:/Users/Kiah/Documents/Unreal Projects/Nebula/Content/AI/Fleet/BTD_CheckAsteroid.uexp" 1051
"C:/Users/Kiah/Documents/Unreal Projects/Nebula/Content/AI/Fleet/Tasks/DockFleet.uasset" 1052
"C:/Users/Kiah/Documents/Unreal Projects/Nebula/Content/AI/Fleet/Tasks/DockFleet.uexp" 1053
"C:/Users/Kiah/Documents/Unreal Projects/Nebula/Content/AI/Fleet/Tasks/FindNearbyAsteroid.uasset" 1054
"C:/Users/Kiah/Documents/Unreal Projects/Nebula/Content/AI/Fleet/Tasks/FindNearbyAsteroid.uexp" 1055
"C:/Users/Kiah/Documents/Unreal Projects/Nebula/Content/AI/Fleet/Tasks/MineAsteroid.uasset" 1056
"C:/Users/Kiah/Documents/Unreal Projects/Nebula/Content/AI/Fleet/Tasks/MineAsteroid.uexp" 1057
"C:/Users/Kiah/Documents/Unreal Projects/Nebula/Content/AI/Fleet/Tasks/MoveToTarget.uasset" 1058
"C:/Users/Kiah/Documents/Unreal Projects/Nebula/Content/AI/Fleet/Tasks/MoveToTarget.uexp" 1059
"C:/Users/Kiah/Documents/Unreal Projects/Nebula/Content/AI/Fleet/Tasks/ResourcesLeftService.uasset" 1060
"C:/Users/Kiah/Documents/Unreal Projects/Nebula/Content/AI/Fleet/Tasks/ResourcesLeftService.uexp" 1061
"C:/Users/Kiah/Documents/Unreal Projects/Nebula/Content/AI/Fleet/Tasks/ScanningService.uasset" 1062
"C:/Users/Kiah/Documents/Unreal Projects/Nebula/Content/AI/Fleet/Tasks/ScanningService.uexp" 1063
"C:/Users/Kiah/Documents/Unreal Projects/Nebula/Content/AI/Fleet/Tasks/UndockFleet.uasset" 1064
"C:/Users/Kiah/Documents/Unreal Projects/Nebula/Content/AI/Fleet/Tasks/UndockFleet.uexp" 1065
"C:/Users/Kiah/Documents/Unreal Projects/Nebula/Content/AI/Fleet/Tasks/Retreat.uasset" 1066
"C:/Users/Kiah/Documents/Unreal Projects/Nebula/Content/AI/Fleet/Tasks/Retreat.uexp" 1067
"C:/Users/Kiah/Documents/Unreal Projects/Nebula/Content/AI/Fleet/BT_Miner.uasset" 1068
"C:/Users/Kiah/Documents/Unreal Projects/Nebula/Content/AI/Fleet/BT_Miner.uexp" 1069
"C:/Users/Kiah/Documents/Unreal Projects/Nebula/Content/Blueprints/BP_NebulaAIController.uasset" 1070
"C:/Users/Kiah/Documents/Unreal Projects/Nebula/Content/Blueprints/BP_NebulaAIController.uexp" 1071
"C:/Users/Kiah/Documents/Unreal Projects/Nebula/Content/Blueprints/Objects/Fleets/BP_AIFleet.uasset" 1072
"C:/Users/Kiah/Documents/Unreal Projects/Nebula/Content/Blueprints/Objects/Fleets/BP_AIFleet.uexp" 1073
"C:/Users/Kiah/Documents/Unreal Projects/Nebula/Content/Blueprints/Objects/Handlers/BP_SystemEffectHandler.uasset" 1074
"C:/Users/Kiah/Documents/Unreal Projects/Nebula/Content/Blueprints/Objects/Handlers/BP_SystemEffectHandler.uexp" 1075
"C:/Users/Kiah/Documents/Unreal Projects/Nebula/Content/Blueprints/Objects/Suns/BP_YellowSun.uasset" 1076
"C:/Users/Kiah/Documents/Unreal Projects/Nebula/Content/Blueprints/Objects/Suns/BP_YellowSun.uexp" 1077
"C:/Users/Kiah/Documents/Unreal Projects/Nebula/Content/Levels/Systems/SystemTwo.uexp" 1078
"C:/Users/Kiah/Documents/Unreal Projects/Nebula/Content/Levels/Systems/SystemTwo.umap" 1079
